Archive member included to satisfy reference by file (symbol)

c:/users/wiktor/appdata/roaming/xpacks/@xpack-dev-tools/arm-none-eabi-gcc/9.3.1-1.2.1/.content/bin/../lib/gcc/arm-none-eabi/9.3.1/thumb/v6-m/nofp\libgcc.a(_udivsi3.o)
                              ./src/console.o (__aeabi_uidiv)
c:/users/wiktor/appdata/roaming/xpacks/@xpack-dev-tools/arm-none-eabi-gcc/9.3.1-1.2.1/.content/bin/../lib/gcc/arm-none-eabi/9.3.1/thumb/v6-m/nofp\libgcc.a(_dvmd_tls.o)
                              c:/users/wiktor/appdata/roaming/xpacks/@xpack-dev-tools/arm-none-eabi-gcc/9.3.1-1.2.1/.content/bin/../lib/gcc/arm-none-eabi/9.3.1/thumb/v6-m/nofp\libgcc.a(_udivsi3.o) (__aeabi_idiv0)
c:/users/wiktor/appdata/roaming/xpacks/@xpack-dev-tools/arm-none-eabi-gcc/9.3.1-1.2.1/.content/bin/../lib/gcc/arm-none-eabi/9.3.1/../../../../arm-none-eabi/lib/thumb/v6-m/nofp\libg.a(lib_a-exit.o)
                              c:/users/wiktor/appdata/roaming/xpacks/@xpack-dev-tools/arm-none-eabi-gcc/9.3.1-1.2.1/.content/bin/../lib/gcc/arm-none-eabi/9.3.1/../../../../arm-none-eabi/lib/thumb/v6-m/nofp/crt0.o (exit)
c:/users/wiktor/appdata/roaming/xpacks/@xpack-dev-tools/arm-none-eabi-gcc/9.3.1-1.2.1/.content/bin/../lib/gcc/arm-none-eabi/9.3.1/../../../../arm-none-eabi/lib/thumb/v6-m/nofp\libg.a(lib_a-impure.o)
                              c:/users/wiktor/appdata/roaming/xpacks/@xpack-dev-tools/arm-none-eabi-gcc/9.3.1-1.2.1/.content/bin/../lib/gcc/arm-none-eabi/9.3.1/../../../../arm-none-eabi/lib/thumb/v6-m/nofp\libg.a(lib_a-exit.o) (_global_impure_ptr)
c:/users/wiktor/appdata/roaming/xpacks/@xpack-dev-tools/arm-none-eabi-gcc/9.3.1-1.2.1/.content/bin/../lib/gcc/arm-none-eabi/9.3.1/../../../../arm-none-eabi/lib/thumb/v6-m/nofp\libg.a(lib_a-init.o)
                              c:/users/wiktor/appdata/roaming/xpacks/@xpack-dev-tools/arm-none-eabi-gcc/9.3.1-1.2.1/.content/bin/../lib/gcc/arm-none-eabi/9.3.1/../../../../arm-none-eabi/lib/thumb/v6-m/nofp/crt0.o (__libc_init_array)
c:/users/wiktor/appdata/roaming/xpacks/@xpack-dev-tools/arm-none-eabi-gcc/9.3.1-1.2.1/.content/bin/../lib/gcc/arm-none-eabi/9.3.1/../../../../arm-none-eabi/lib/thumb/v6-m/nofp\libg.a(lib_a-memcpy-stub.o)
                              ./src/freertos/queue.o (memcpy)
c:/users/wiktor/appdata/roaming/xpacks/@xpack-dev-tools/arm-none-eabi-gcc/9.3.1-1.2.1/.content/bin/../lib/gcc/arm-none-eabi/9.3.1/../../../../arm-none-eabi/lib/thumb/v6-m/nofp\libg.a(lib_a-memset.o)
                              c:/users/wiktor/appdata/roaming/xpacks/@xpack-dev-tools/arm-none-eabi-gcc/9.3.1-1.2.1/.content/bin/../lib/gcc/arm-none-eabi/9.3.1/../../../../arm-none-eabi/lib/thumb/v6-m/nofp/crt0.o (memset)
c:/users/wiktor/appdata/roaming/xpacks/@xpack-dev-tools/arm-none-eabi-gcc/9.3.1-1.2.1/.content/bin/../lib/gcc/arm-none-eabi/9.3.1/../../../../arm-none-eabi/lib/thumb/v6-m/nofp\libg.a(lib_a-__call_atexit.o)
                              c:/users/wiktor/appdata/roaming/xpacks/@xpack-dev-tools/arm-none-eabi-gcc/9.3.1-1.2.1/.content/bin/../lib/gcc/arm-none-eabi/9.3.1/../../../../arm-none-eabi/lib/thumb/v6-m/nofp\libg.a(lib_a-exit.o) (__call_exitprocs)
c:/users/wiktor/appdata/roaming/xpacks/@xpack-dev-tools/arm-none-eabi-gcc/9.3.1-1.2.1/.content/bin/../lib/gcc/arm-none-eabi/9.3.1/../../../../arm-none-eabi/lib/thumb/v6-m/nofp\libg.a(lib_a-fini.o)
                              c:/users/wiktor/appdata/roaming/xpacks/@xpack-dev-tools/arm-none-eabi-gcc/9.3.1-1.2.1/.content/bin/../lib/gcc/arm-none-eabi/9.3.1/../../../../arm-none-eabi/lib/thumb/v6-m/nofp\libg.a(lib_a-__call_atexit.o) (__libc_fini_array)
c:/users/wiktor/appdata/roaming/xpacks/@xpack-dev-tools/arm-none-eabi-gcc/9.3.1-1.2.1/.content/bin/../lib/gcc/arm-none-eabi/9.3.1/../../../../arm-none-eabi/lib/thumb/v6-m/nofp\libg.a(lib_a-lock.o)
                              c:/users/wiktor/appdata/roaming/xpacks/@xpack-dev-tools/arm-none-eabi-gcc/9.3.1-1.2.1/.content/bin/../lib/gcc/arm-none-eabi/9.3.1/../../../../arm-none-eabi/lib/thumb/v6-m/nofp\libg.a(lib_a-__call_atexit.o) (__retarget_lock_acquire_recursive)
c:/users/wiktor/appdata/roaming/xpacks/@xpack-dev-tools/arm-none-eabi-gcc/9.3.1-1.2.1/.content/bin/../lib/gcc/arm-none-eabi/9.3.1/../../../../arm-none-eabi/lib/thumb/v6-m/nofp\libg.a(lib_a-atexit.o)
                              c:/users/wiktor/appdata/roaming/xpacks/@xpack-dev-tools/arm-none-eabi-gcc/9.3.1-1.2.1/.content/bin/../lib/gcc/arm-none-eabi/9.3.1/../../../../arm-none-eabi/lib/thumb/v6-m/nofp\libg.a(lib_a-__call_atexit.o) (atexit)
c:/users/wiktor/appdata/roaming/xpacks/@xpack-dev-tools/arm-none-eabi-gcc/9.3.1-1.2.1/.content/bin/../lib/gcc/arm-none-eabi/9.3.1/../../../../arm-none-eabi/lib/thumb/v6-m/nofp\libg.a(lib_a-__atexit.o)
                              c:/users/wiktor/appdata/roaming/xpacks/@xpack-dev-tools/arm-none-eabi-gcc/9.3.1-1.2.1/.content/bin/../lib/gcc/arm-none-eabi/9.3.1/../../../../arm-none-eabi/lib/thumb/v6-m/nofp\libg.a(lib_a-atexit.o) (__register_exitproc)
[...]
Memory Configuration

Name             Origin             Length             Attributes
FLASH            0x0000000000000000 0x0000000000040000 xr
RAM              0x0000000020000000 0x0000000000008000 xrw
*default*        0x0000000000000000 0xffffffffffffffff

Linker script and memory map

LOAD c:/users/wiktor/appdata/roaming/xpacks/@xpack-dev-tools/arm-none-eabi-gcc/9.3.1-1.2.1/.content/bin/../lib/gcc/arm-none-eabi/9.3.1/thumb/v6-m/nofp/crti.o
LOAD c:/users/wiktor/appdata/roaming/xpacks/@xpack-dev-tools/arm-none-eabi-gcc/9.3.1-1.2.1/.content/bin/../lib/gcc/arm-none-eabi/9.3.1/thumb/v6-m/nofp/crtbegin.o
LOAD c:/users/wiktor/appdata/roaming/xpacks/@xpack-dev-tools/arm-none-eabi-gcc/9.3.1-1.2.1/.content/bin/../lib/gcc/arm-none-eabi/9.3.1/../../../../arm-none-eabi/lib/thumb/v6-m/nofp/crt0.o
LOAD ./src/freertos/portable/MemMang/heap_1.o
LOAD ./src/freertos/croutine.o
LOAD ./src/freertos/event_groups.o
LOAD ./src/freertos/list.o
LOAD ./src/freertos/port.o
LOAD ./src/freertos/port_cmsis.o
LOAD ./src/freertos/port_cmsis_systick.o
LOAD ./src/freertos/queue.o
LOAD ./src/freertos/tasks.o
LOAD ./src/freertos/timers.o
LOAD ./src/app_error.o
LOAD ./src/app_fifo.o
LOAD ./src/app_uart_fifo.o
LOAD ./src/console.o
LOAD ./src/gcc_startup_nrf51.o
LOAD ./src/main.o
LOAD ./src/nrf_delay.o
LOAD ./src/nrf_drv_clock.o
LOAD ./src/nrf_drv_common.o
LOAD ./src/nrf_drv_gpiote.o
LOAD ./src/retarget.o
LOAD ./src/system_nrf51.o
START GROUP
LOAD c:/users/wiktor/appdata/roaming/xpacks/@xpack-dev-tools/arm-none-eabi-gcc/9.3.1-1.2.1/.content/bin/../lib/gcc/arm-none-eabi/9.3.1/thumb/v6-m/nofp\libgcc.a
LOAD c:/users/wiktor/appdata/roaming/xpacks/@xpack-dev-tools/arm-none-eabi-gcc/9.3.1-1.2.1/.content/bin/../lib/gcc/arm-none-eabi/9.3.1/../../../../arm-none-eabi/lib/thumb/v6-m/nofp\libg.a
LOAD c:/users/wiktor/appdata/roaming/xpacks/@xpack-dev-tools/arm-none-eabi-gcc/9.3.1-1.2.1/.content/bin/../lib/gcc/arm-none-eabi/9.3.1/../../../../arm-none-eabi/lib/thumb/v6-m/nofp\libc.a
END GROUP
LOAD c:/users/wiktor/appdata/roaming/xpacks/@xpack-dev-tools/arm-none-eabi-gcc/9.3.1-1.2.1/.content/bin/../lib/gcc/arm-none-eabi/9.3.1/thumb/v6-m/nofp/crtend.o
LOAD c:/users/wiktor/appdata/roaming/xpacks/@xpack-dev-tools/arm-none-eabi-gcc/9.3.1-1.2.1/.content/bin/../lib/gcc/arm-none-eabi/9.3.1/thumb/v6-m/nofp/crtn.o
START GROUP
LOAD c:/users/wiktor/appdata/roaming/xpacks/@xpack-dev-tools/arm-none-eabi-gcc/9.3.1-1.2.1/.content/bin/../lib/gcc/arm-none-eabi/9.3.1/thumb/v6-m/nofp\libgcc.a
LOAD c:/users/wiktor/appdata/roaming/xpacks/@xpack-dev-tools/arm-none-eabi-gcc/9.3.1-1.2.1/.content/bin/../lib/gcc/arm-none-eabi/9.3.1/../../../../arm-none-eabi/lib/thumb/v6-m/nofp\libc.a
LOAD c:/users/wiktor/appdata/roaming/xpacks/@xpack-dev-tools/arm-none-eabi-gcc/9.3.1-1.2.1/.content/bin/../lib/gcc/arm-none-eabi/9.3.1/../../../../arm-none-eabi/lib/thumb/v6-m/nofp\libnosys.a
END GROUP

.text           0x0000000000000000     0x5978
 *(.isr_vector)
 .isr_vector    0x0000000000000000       0xc0 ./src/gcc_startup_nrf51.o
                0x0000000000000000                __isr_vector
 *(.text*)
 .text.__do_global_dtors_aux
                0x00000000000000c0       0x28 c:/users/wiktor/appdata/roaming/xpacks/@xpack-dev-tools/arm-none-eabi-gcc/9.3.1-1.2.1/.content/bin/../lib/gcc/arm-none-eabi/9.3.1/thumb/v6-m/nofp/crtbegin.o
 .text.frame_dummy
                0x00000000000000e8       0x20 c:/users/wiktor/appdata/roaming/xpacks/@xpack-dev-tools/arm-none-eabi-gcc/9.3.1-1.2.1/.content/bin/../lib/gcc/arm-none-eabi/9.3.1/thumb/v6-m/nofp/crtbegin.o
 .text          0x0000000000000108       0x80 c:/users/wiktor/appdata/roaming/xpacks/@xpack-dev-tools/arm-none-eabi-gcc/9.3.1-1.2.1/.content/bin/../lib/gcc/arm-none-eabi/9.3.1/../../../../arm-none-eabi/lib/thumb/v6-m/nofp/crt0.o
                0x0000000000000108                _stack_init
                0x0000000000000114                _start
                0x0000000000000114                _mainCRTStartup
 .text.pvPortMalloc
                0x0000000000000188       0x8c ./src/freertos/portable/MemMang/heap_1.o
                0x0000000000000188                pvPortMalloc
 .text.vPortFree
                0x0000000000000214       0x10 ./src/freertos/portable/MemMang/heap_1.o
                0x0000000000000214                vPortFree
 .text.vListInitialise
                0x0000000000000224       0x3c ./src/freertos/list.o
                0x0000000000000224                vListInitialise
 .text.vListInitialiseItem
                0x0000000000000260       0x16 ./src/freertos/list.o
                0x0000000000000260                vListInitialiseItem
 .text.vListInsertEnd
                0x0000000000000276       0x44 ./src/freertos/list.o
                0x0000000000000276                vListInsertEnd
 .text.vListInsert
                0x00000000000002ba       0x6c ./src/freertos/list.o
                0x00000000000002ba                vListInsert
 .text.uxListRemove
                0x0000000000000326       0x50 ./src/freertos/list.o
                0x0000000000000326                uxListRemove
 *fill*         0x0000000000000376        0x2 
 .text.vPortStartFirstTask
                0x0000000000000378       0x30 ./src/freertos/port.o
                0x0000000000000378                vPortStartFirstTask
 .text.SVC_Handler
                0x00000000000003a8        0xa ./src/freertos/port.o
                0x00000000000003a8                SVC_Handler
 *fill*         0x00000000000003b2        0x2 
 .text.PendSV_Handler
                0x00000000000003b4       0x44 ./src/freertos/port.o
                0x00000000000003b4                PendSV_Handler
 .text.NVIC_SetPriority
                0x00000000000003f8       0xdc ./src/freertos/port_cmsis.o
 .text.vPortDisableISR
                0x00000000000004d4        0xe ./src/freertos/port_cmsis.o
 .text.vPortEnableISR
                0x00000000000004e2        0xe ./src/freertos/port_cmsis.o
 .text.ulPortDisableISR
                0x00000000000004f0       0x2e ./src/freertos/port_cmsis.o
 .text.vPortRestoreISR
                0x000000000000051e       0x28 ./src/freertos/port_cmsis.o
 *fill*         0x0000000000000546        0x2 
 .text.pxPortInitialiseStack
                0x0000000000000548       0x58 ./src/freertos/port_cmsis.o
                0x0000000000000548                pxPortInitialiseStack
 .text.prvTaskExitError
                0x00000000000005a0        0xa ./src/freertos/port_cmsis.o
 *fill*         0x00000000000005aa        0x2 
 .text.xPortStartScheduler
                0x00000000000005ac       0x40 ./src/freertos/port_cmsis.o
                0x00000000000005ac                xPortStartScheduler
 .text.vPortTaskYield
                0x00000000000005ec       0x28 ./src/freertos/port_cmsis.o
                0x00000000000005ec                vPortTaskYield
 .text.vPortEnterCritical
                0x0000000000000614       0x1c ./src/freertos/port_cmsis.o
                0x0000000000000614                vPortEnterCritical
 .text.vPortExitCritical
                0x0000000000000630       0x24 ./src/freertos/port_cmsis.o
                0x0000000000000630                vPortExitCritical
 .text.vPortSafeTaskSwitchContext
                0x0000000000000654       0x22 ./src/freertos/port_cmsis.o
                0x0000000000000654                vPortSafeTaskSwitchContext
 *fill*         0x0000000000000676        0x2 
 .text.NVIC_EnableIRQ
                0x0000000000000678       0x2c ./src/freertos/port_cmsis_systick.o
 .text.NVIC_SetPriority
                0x00000000000006a4       0xdc ./src/freertos/port_cmsis_systick.o
 .text.ulPortDisableISR
                0x0000000000000780       0x2e ./src/freertos/port_cmsis_systick.o
 .text.vPortRestoreISR
                0x00000000000007ae       0x28 ./src/freertos/port_cmsis_systick.o
 .text.nrf_rtc_int_enable
                0x00000000000007d6       0x1c ./src/freertos/port_cmsis_systick.o
 .text.nrf_rtc_event_clear
                0x00000000000007f2       0x22 ./src/freertos/port_cmsis_systick.o
 .text.nrf_rtc_prescaler_set
                0x0000000000000814       0x1c ./src/freertos/port_cmsis_systick.o
 .text.nrf_rtc_task_trigger
                0x0000000000000830       0x22 ./src/freertos/port_cmsis_systick.o
 *fill*         0x0000000000000852        0x2 
 .text.RTC1_IRQHandler
                0x0000000000000854       0x48 ./src/freertos/port_cmsis_systick.o
                0x0000000000000854                RTC1_IRQHandler
 .text.vPortSetupTimerInterrupt
                0x000000000000089c       0x48 ./src/freertos/port_cmsis_systick.o
                0x000000000000089c                vPortSetupTimerInterrupt
 .text.ulPortDisableISR
                0x00000000000008e4       0x2e ./src/freertos/queue.o
 .text.vPortRestoreISR
                0x0000000000000912       0x28 ./src/freertos/queue.o
 .text.xQueueGenericReset
                0x000000000000093a       0xa0 ./src/freertos/queue.o
                0x000000000000093a                xQueueGenericReset
 .text.xQueueGenericCreate
                0x00000000000009da       0x7c ./src/freertos/queue.o
                0x00000000000009da                xQueueGenericCreate
 .text.xQueueGenericSend
                0x0000000000000a56      0x120 ./src/freertos/queue.o
                0x0000000000000a56                xQueueGenericSend
 .text.xQueueGenericSendFromISR
                0x0000000000000b76       0x8a ./src/freertos/queue.o
                0x0000000000000b76                xQueueGenericSendFromISR
 .text.xQueueGenericReceive
                0x0000000000000c00      0x16c ./src/freertos/queue.o
                0x0000000000000c00                xQueueGenericReceive
 .text.prvCopyDataToQueue
                0x0000000000000d6c       0xd8 ./src/freertos/queue.o
 .text.prvCopyDataFromQueue
                0x0000000000000e44       0x4c ./src/freertos/queue.o
 .text.prvUnlockQueue
                0x0000000000000e90       0x94 ./src/freertos/queue.o
 .text.prvIsQueueEmpty
                0x0000000000000f24       0x2c ./src/freertos/queue.o
 .text.prvIsQueueFull
                0x0000000000000f50       0x30 ./src/freertos/queue.o
 .text.vQueueAddToRegistry
                0x0000000000000f80       0x50 ./src/freertos/queue.o
                0x0000000000000f80                vQueueAddToRegistry
 .text.vQueueWaitForMessageRestricted
                0x0000000000000fd0       0x58 ./src/freertos/queue.o
                0x0000000000000fd0                vQueueWaitForMessageRestricted
 .text.vPortDisableISR
                0x0000000000001028        0xe ./src/freertos/tasks.o
 *fill*         0x0000000000001036        0x2 
 .text.xTaskGenericCreate
                0x0000000000001038      0x148 ./src/freertos/tasks.o
                0x0000000000001038                xTaskGenericCreate
 .text.vTaskDelay
                0x0000000000001180       0x58 ./src/freertos/tasks.o
                0x0000000000001180                vTaskDelay
 .text.vTaskSuspend
                0x00000000000011d8       0xa8 ./src/freertos/tasks.o
                0x00000000000011d8                vTaskSuspend
 .text.prvTaskIsTaskSuspended
                0x0000000000001280       0x58 ./src/freertos/tasks.o
 .text.vTaskResume
                0x00000000000012d8       0x94 ./src/freertos/tasks.o
                0x00000000000012d8                vTaskResume
 .text.vTaskStartScheduler
                0x000000000000136c       0x6c ./src/freertos/tasks.o
                0x000000000000136c                vTaskStartScheduler
 .text.vTaskSuspendAll
                0x00000000000013d8       0x18 ./src/freertos/tasks.o
                0x00000000000013d8                vTaskSuspendAll
 .text.xTaskResumeAll
                0x00000000000013f0       0xfc ./src/freertos/tasks.o
                0x00000000000013f0                xTaskResumeAll
 .text.xTaskGetTickCount
                0x00000000000014ec       0x1c ./src/freertos/tasks.o
                0x00000000000014ec                xTaskGetTickCount
 .text.xTaskIncrementTick
                0x0000000000001508      0x140 ./src/freertos/tasks.o
                0x0000000000001508                xTaskIncrementTick
 .text.vTaskSwitchContext
                0x0000000000001648       0x94 ./src/freertos/tasks.o
                0x0000000000001648                vTaskSwitchContext
 .text.vTaskPlaceOnEventList
                0x00000000000016dc       0x68 ./src/freertos/tasks.o
                0x00000000000016dc                vTaskPlaceOnEventList
 .text.vTaskPlaceOnEventListRestricted
                0x0000000000001744       0x4c ./src/freertos/tasks.o
                0x0000000000001744                vTaskPlaceOnEventListRestricted
 .text.xTaskRemoveFromEventList
                0x0000000000001790       0xb0 ./src/freertos/tasks.o
                0x0000000000001790                xTaskRemoveFromEventList
 .text.vTaskSetTimeOutState
                0x0000000000001840       0x28 ./src/freertos/tasks.o
                0x0000000000001840                vTaskSetTimeOutState
 .text.xTaskCheckForTimeOut
                0x0000000000001868       0x88 ./src/freertos/tasks.o
                0x0000000000001868                xTaskCheckForTimeOut
 .text.vTaskMissedYield
                0x00000000000018f0       0x14 ./src/freertos/tasks.o
                0x00000000000018f0                vTaskMissedYield
 .text.prvIdleTask
                0x0000000000001904       0x20 ./src/freertos/tasks.o
 .text.prvInitialiseTCBVariables
                0x0000000000001924       0xae ./src/freertos/tasks.o
 *fill*         0x00000000000019d2        0x2 
 .text.prvInitialiseTaskLists
                0x00000000000019d4       0x88 ./src/freertos/tasks.o
 .text.prvCheckTasksWaitingTermination
                0x0000000000001a5c       0x78 ./src/freertos/tasks.o
 .text.prvAddCurrentTaskToDelayedList
                0x0000000000001ad4       0x6c ./src/freertos/tasks.o
 .text.prvAllocateTCBAndStack
                0x0000000000001b40       0x76 ./src/freertos/tasks.o
 .text.prvDeleteTCB
                0x0000000000001bb6       0x22 ./src/freertos/tasks.o
 .text.prvResetNextTaskUnblockTime
                0x0000000000001bd8       0x48 ./src/freertos/tasks.o
 .text.xTaskGetSchedulerState
                0x0000000000001c20       0x38 ./src/freertos/tasks.o
                0x0000000000001c20                xTaskGetSchedulerState
 .text.vTaskPriorityInherit
                0x0000000000001c58       0xbc ./src/freertos/tasks.o
                0x0000000000001c58                vTaskPriorityInherit
 .text.xTaskPriorityDisinherit
                0x0000000000001d14       0x98 ./src/freertos/tasks.o
                0x0000000000001d14                xTaskPriorityDisinherit
 .text.pvTaskIncrementMutexHeldCount
                0x0000000000001dac       0x24 ./src/freertos/tasks.o
                0x0000000000001dac                pvTaskIncrementMutexHeldCount
 .text.xTimerCreateTimerTask
                0x0000000000001dd0       0x50 ./src/freertos/timers.o
                0x0000000000001dd0                xTimerCreateTimerTask
 .text.xTimerCreate
                0x0000000000001e20       0x60 ./src/freertos/timers.o
                0x0000000000001e20                xTimerCreate
 .text.xTimerGenericCommand
                0x0000000000001e80       0x8c ./src/freertos/timers.o
                0x0000000000001e80                xTimerGenericCommand
 .text.prvProcessExpiredTimer
                0x0000000000001f0c       0x68 ./src/freertos/timers.o
 .text.prvTimerTask
                0x0000000000001f74       0x28 ./src/freertos/timers.o
 .text.prvProcessTimerOrBlockTask
                0x0000000000001f9c       0x70 ./src/freertos/timers.o
 .text.prvGetNextExpireTime
                0x000000000000200c       0x40 ./src/freertos/timers.o
 .text.prvSampleTimeNow
                0x000000000000204c       0x40 ./src/freertos/timers.o
 .text.prvInsertTimerInActiveList
                0x000000000000208c       0x84 ./src/freertos/timers.o
 .text.prvProcessReceivedCommands
                0x0000000000002110      0x108 ./src/freertos/timers.o
 .text.prvSwitchTimerLists
                0x0000000000002218       0xac ./src/freertos/timers.o
 .text.prvCheckForValidListAndQueue
                0x00000000000022c4       0x74 ./src/freertos/timers.o
 .text.NVIC_SystemReset
                0x0000000000002338       0x20 ./src/app_error.o
 .text.app_error_handler
                0x0000000000002358       0x18 ./src/app_error.o
                0x0000000000002358                app_error_handler
 .text.fifo_length
                0x0000000000002370       0x1e ./src/app_fifo.o
 .text.app_fifo_init
                0x000000000000238e       0x5a ./src/app_fifo.o
                0x000000000000238e                app_fifo_init
 .text.app_fifo_put
                0x00000000000023e8       0x4e ./src/app_fifo.o
                0x00000000000023e8                app_fifo_put
 .text.app_fifo_get
                0x0000000000002436       0x44 ./src/app_fifo.o
                0x0000000000002436                app_fifo_get
 .text.app_fifo_flush
                0x000000000000247a       0x1a ./src/app_fifo.o
                0x000000000000247a                app_fifo_flush
 .text.NVIC_EnableIRQ
                0x0000000000002494       0x2c ./src/app_uart_fifo.o
 .text.NVIC_ClearPendingIRQ
                0x00000000000024c0       0x34 ./src/app_uart_fifo.o
 .text.NVIC_SetPriority
                0x00000000000024f4       0xdc ./src/app_uart_fifo.o
 .text.nrf_gpio_cfg_output
                0x00000000000025d0       0x20 ./src/app_uart_fifo.o
 .text.nrf_gpio_cfg_input
                0x00000000000025f0       0x2c ./src/app_uart_fifo.o
 .text.fifo_length
                0x000000000000261c       0x1e ./src/app_uart_fifo.o
 *fill*         0x000000000000263a        0x2 
 .text.action_uart_deactivate
                0x000000000000263c       0x30 ./src/app_uart_fifo.o
 .text.action_tx_stop
                0x000000000000266c       0x38 ./src/app_uart_fifo.o
                0x000000000000266c                action_tx_stop
 .text.action_tx_send
                0x00000000000026a4       0x68 ./src/app_uart_fifo.o
 .text.action_tx_ready
                0x000000000000270c       0x24 ./src/app_uart_fifo.o
 .text.on_cts_high
                0x0000000000002730       0x2c ./src/app_uart_fifo.o
 .text.on_cts_low
                0x000000000000275c       0x58 ./src/app_uart_fifo.o
 .text.on_tx_ready
                0x00000000000027b4       0x30 ./src/app_uart_fifo.o
 .text.on_uart_put
                0x00000000000027e4       0x1c ./src/app_uart_fifo.o
 .text.on_uart_close
                0x0000000000002800        0xe ./src/app_uart_fifo.o
 *fill*         0x000000000000280e        0x2 
 .text.on_uart_event
                0x0000000000002810       0x4c ./src/app_uart_fifo.o
 .text.gpiote_uart_event_handler
                0x000000000000285c       0x30 ./src/app_uart_fifo.o
 .text.UART0_IRQHandler
                0x000000000000288c       0xe4 ./src/app_uart_fifo.o
                0x000000000000288c                UART0_IRQHandler
 .text.uart_no_flow_control_init
                0x0000000000002970       0x64 ./src/app_uart_fifo.o
 .text.uart_standard_flow_control_init
                0x00000000000029d4       0x70 ./src/app_uart_fifo.o
 .text.app_uart_init
                0x0000000000002a44      0x24c ./src/app_uart_fifo.o
                0x0000000000002a44                app_uart_init
 .text.app_uart_get
                0x0000000000002c90       0x24 ./src/app_uart_fifo.o
                0x0000000000002c90                app_uart_get
 .text.app_uart_put
                0x0000000000002cb4       0x34 ./src/app_uart_fifo.o
                0x0000000000002cb4                app_uart_put
 .text.app_uart_flush
                0x0000000000002ce8       0x44 ./src/app_uart_fifo.o
                0x0000000000002ce8                app_uart_flush
 .text.app_uart_bytes_in_rx_fifo
                0x0000000000002d2c       0x18 ./src/app_uart_fifo.o
                0x0000000000002d2c                app_uart_bytes_in_rx_fifo
 .text.uart_error_handle
                0x0000000000002d44       0x4c ./src/console.o
                0x0000000000002d44                uart_error_handle
 .text.console_init
                0x0000000000002d90       0x80 ./src/console.o
                0x0000000000002d90                console_init
 .text.console_clear_screen
                0x0000000000002e10       0x1c ./src/console.o
                0x0000000000002e10                console_clear_screen
 .text.console_flush_input_buffer
                0x0000000000002e2c        0xe ./src/console.o
                0x0000000000002e2c                console_flush_input_buffer
 *fill*         0x0000000000002e3a        0x2 
 .text.console_put_string
                0x0000000000002e3c       0x34 ./src/console.o
                0x0000000000002e3c                console_put_string
 .text.console_put_line
                0x0000000000002e70       0x40 ./src/console.o
                0x0000000000002e70                console_put_line
 .text.console_put_newline
                0x0000000000002eb0       0x24 ./src/console.o
                0x0000000000002eb0                console_put_newline
 .text.console_chars_available
                0x0000000000002ed4       0x10 ./src/console.o
                0x0000000000002ed4                console_chars_available
 .text.console_put_char
                0x0000000000002ee4       0x2c ./src/console.o
                0x0000000000002ee4                console_put_char
 .text.console_get_char
                0x0000000000002f10       0x2c ./src/console.o
                0x0000000000002f10                console_get_char
 .text          0x0000000000002f3c       0x4c ./src/gcc_startup_nrf51.o
                0x0000000000002f3c                Reset_Handler
                0x0000000000002f7c                NMI_Handler
                0x0000000000002f7e                HardFault_Handler
                0x0000000000002f84                SysTick_Handler
                0x0000000000002f86                RTC0_IRQHandler
                0x0000000000002f86                SPI0_TWI0_IRQHandler
                0x0000000000002f86                POWER_CLOCK_IRQHandler
                0x0000000000002f86                RADIO_IRQHandler
                0x0000000000002f86                LPCOMP_IRQHandler
                0x0000000000002f86                SWI4_IRQHandler
                0x0000000000002f86                TEMP_IRQHandler
                0x0000000000002f86                QDEC_IRQHandler
                0x0000000000002f86                SWI5_IRQHandler
                0x0000000000002f86                TIMER0_IRQHandler
                0x0000000000002f86                TIMER2_IRQHandler
                0x0000000000002f86                SWI0_IRQHandler
                0x0000000000002f86                TIMER1_IRQHandler
                0x0000000000002f86                ECB_IRQHandler
                0x0000000000002f86                Default_Handler
                0x0000000000002f86                ADC_IRQHandler
                0x0000000000002f86                SWI3_IRQHandler
                0x0000000000002f86                CCM_AAR_IRQHandler
                0x0000000000002f86                WDT_IRQHandler
                0x0000000000002f86                SWI2_IRQHandler
                0x0000000000002f86                RNG_IRQHandler
                0x0000000000002f86                SPI1_TWI1_IRQHandler
                0x0000000000002f86                SWI1_IRQHandler
 .text.uart_console_task_function
                0x0000000000002f88      0x184 ./src/main.o
 .text.uart_console_idle_timer_callback
                0x000000000000310c       0x34 ./src/main.o
 .text.main     0x0000000000003140       0x90 ./src/main.o
                0x0000000000003140                main
 .text.nrf_clock_int_enable
                0x00000000000031d0       0x1c ./src/nrf_drv_clock.o
 .text.nrf_clock_task_trigger
                0x00000000000031ec       0x24 ./src/nrf_drv_clock.o
 .text.nrf_clock_event_clear
                0x0000000000003210       0x24 ./src/nrf_drv_clock.o
 .text.nrf_clock_lf_src_set
                0x0000000000003234       0x26 ./src/nrf_drv_clock.o
 .text.nrf_clock_lf_is_running
                0x000000000000325a       0x20 ./src/nrf_drv_clock.o
 *fill*         0x000000000000327a        0x2 
 .text.nrf_clock_lf_start_task_status_get
                0x000000000000327c       0x20 ./src/nrf_drv_clock.o
 .text.nrf_clock_hf_src_get
                0x000000000000329c       0x20 ./src/nrf_drv_clock.o
 .text.nrf_clock_hf_start_task_status_get
                0x00000000000032bc       0x1c ./src/nrf_drv_clock.o
 .text.nrf_clock_xtalfreq_set
                0x00000000000032d8       0x22 ./src/nrf_drv_clock.o
 .text.hfclk_start
                0x00000000000032fa       0x1a ./src/nrf_drv_clock.o
 .text.hfclk_stop
                0x0000000000003314       0x1e ./src/nrf_drv_clock.o
 .text.lfclk_start
                0x0000000000003332       0x1a ./src/nrf_drv_clock.o
 .text.lfclk_stop
                0x000000000000334c       0x1c ./src/nrf_drv_clock.o
 .text.lfclk_control
                0x0000000000003368       0x4c ./src/nrf_drv_clock.o
 .text.hfclk_control
                0x00000000000033b4       0x74 ./src/nrf_drv_clock.o
 .text.nrf_drv_clock_init
                0x0000000000003428       0x54 ./src/nrf_drv_clock.o
                0x0000000000003428                nrf_drv_clock_init
 .text.nrf_drv_clock_lfclk_request
                0x000000000000347c       0x24 ./src/nrf_drv_clock.o
                0x000000000000347c                nrf_drv_clock_lfclk_request
 .text.NVIC_EnableIRQ
                0x00000000000034a0       0x2c ./src/nrf_drv_common.o
 .text.NVIC_ClearPendingIRQ
                0x00000000000034cc       0x34 ./src/nrf_drv_common.o
 .text.NVIC_SetPriority
                0x0000000000003500       0xdc ./src/nrf_drv_common.o
 .text.nrf_drv_common_irq_enable
                0x00000000000035dc       0x44 ./src/nrf_drv_common.o
                0x00000000000035dc                nrf_drv_common_irq_enable
 .text.nrf_gpiote_event_is_set
                0x0000000000003620       0x2a ./src/nrf_drv_gpiote.o
 .text.nrf_gpiote_event_clear
                0x000000000000364a       0x24 ./src/nrf_drv_gpiote.o
 *fill*         0x000000000000366e        0x2 
 .text.nrf_gpiote_event_addr_get
                0x0000000000003670       0x24 ./src/nrf_drv_gpiote.o
 .text.nrf_gpiote_int_enable
                0x0000000000003694       0x20 ./src/nrf_drv_gpiote.o
 .text.nrf_gpiote_int_is_enabled
                0x00000000000036b4       0x20 ./src/nrf_drv_gpiote.o
 .text.nrf_gpiote_event_enable
                0x00000000000036d4       0x30 ./src/nrf_drv_gpiote.o
 .text.nrf_gpiote_event_configure
                0x0000000000003704       0x70 ./src/nrf_drv_gpiote.o
 .text.nrf_gpiote_event_pin_get
                0x0000000000003774       0x28 ./src/nrf_drv_gpiote.o
 .text.nrf_gpiote_event_polarity_get
                0x000000000000379c       0x28 ./src/nrf_drv_gpiote.o
 .text.nrf_gpiote_task_configure
                0x00000000000037c4       0x88 ./src/nrf_drv_gpiote.o
 .text.nrf_gpio_cfg_output
                0x000000000000384c       0x20 ./src/nrf_drv_gpiote.o
 .text.nrf_gpio_cfg_input
                0x000000000000386c       0x2c ./src/nrf_drv_gpiote.o
 .text.nrf_gpio_cfg_watcher
                0x0000000000003898       0x34 ./src/nrf_drv_gpiote.o
 .text.nrf_gpio_cfg_sense_set
                0x00000000000038cc       0x60 ./src/nrf_drv_gpiote.o
 .text.nrf_gpio_pin_set
                0x000000000000392c       0x20 ./src/nrf_drv_gpiote.o
 .text.nrf_gpio_pin_clear
                0x000000000000394c       0x24 ./src/nrf_drv_gpiote.o
 .text.nrf_gpio_pin_read
                0x0000000000003970       0x24 ./src/nrf_drv_gpiote.o
 .text.nrf_gpio_pins_read
                0x0000000000003994       0x14 ./src/nrf_drv_gpiote.o
 .text.nrf_gpio_pin_sense_get
                0x00000000000039a8       0x26 ./src/nrf_drv_gpiote.o
 *fill*         0x00000000000039ce        0x2 
 .text.pin_in_use
                0x00000000000039d0       0x28 ./src/nrf_drv_gpiote.o
 .text.pin_in_use_by_te
                0x00000000000039f8       0x44 ./src/nrf_drv_gpiote.o
 .text.pin_in_use_by_port
                0x0000000000003a3c       0x2c ./src/nrf_drv_gpiote.o
 .text.pin_in_use_by_gpiote
                0x0000000000003a68       0x28 ./src/nrf_drv_gpiote.o
 .text.pin_in_use_by_te_set
                0x0000000000003a90       0x60 ./src/nrf_drv_gpiote.o
 .text.pin_in_use_set
                0x0000000000003af0       0x20 ./src/nrf_drv_gpiote.o
 .text.pin_in_use_clear
                0x0000000000003b10       0x20 ./src/nrf_drv_gpiote.o
 .text.channel_port_get
                0x0000000000003b30       0x20 ./src/nrf_drv_gpiote.o
 .text.pin_from_port_get
                0x0000000000003b50       0x24 ./src/nrf_drv_gpiote.o
 .text.channel_handler_get
                0x0000000000003b74       0x20 ./src/nrf_drv_gpiote.o
 .text.channel_port_alloc
                0x0000000000003b94       0x88 ./src/nrf_drv_gpiote.o
 .text.channel_free
                0x0000000000003c1c       0x44 ./src/nrf_drv_gpiote.o
 .text.nrf_drv_gpiote_init
                0x0000000000003c60       0x80 ./src/nrf_drv_gpiote.o
                0x0000000000003c60                nrf_drv_gpiote_init
 .text.nrf_drv_gpiote_is_init
                0x0000000000003ce0       0x18 ./src/nrf_drv_gpiote.o
                0x0000000000003ce0                nrf_drv_gpiote_is_init
 .text.nrf_drv_gpiote_out_init
                0x0000000000003cf8       0x9c ./src/nrf_drv_gpiote.o
                0x0000000000003cf8                nrf_drv_gpiote_out_init
 .text.nrf_drv_gpiote_in_init
                0x0000000000003d94       0xcc ./src/nrf_drv_gpiote.o
                0x0000000000003d94                nrf_drv_gpiote_in_init
 .text.nrf_drv_gpiote_in_event_enable
                0x0000000000003e60       0xe8 ./src/nrf_drv_gpiote.o
                0x0000000000003e60                nrf_drv_gpiote_in_event_enable
 .text.nrf_drv_gpiote_in_is_set
                0x0000000000003f48       0x20 ./src/nrf_drv_gpiote.o
                0x0000000000003f48                nrf_drv_gpiote_in_is_set
 .text.GPIOTE_IRQHandler
                0x0000000000003f68      0x1dc ./src/nrf_drv_gpiote.o
                0x0000000000003f68                GPIOTE_IRQHandler
 .text.SystemInit
                0x0000000000004144       0x40 ./src/system_nrf51.o
                0x0000000000004144                SystemInit
 .text.is_manual_peripheral_setup_needed
                0x0000000000004184       0x80 ./src/system_nrf51.o
 .text.is_disabled_in_debug_needed
                0x0000000000004204       0x4c ./src/system_nrf51.o
 .text.exit     0x0000000000004250       0x20 c:/users/wiktor/appdata/roaming/xpacks/@xpack-dev-tools/arm-none-eabi-gcc/9.3.1-1.2.1/.content/bin/../lib/gcc/arm-none-eabi/9.3.1/../../../../arm-none-eabi/lib/thumb/v6-m/nofp\libg.a(lib_a-exit.o)
                0x0000000000004250                exit
 .text.__libc_init_array
                0x0000000000004270       0x44 c:/users/wiktor/appdata/roaming/xpacks/@xpack-dev-tools/arm-none-eabi-gcc/9.3.1-1.2.1/.content/bin/../lib/gcc/arm-none-eabi/9.3.1/../../../../arm-none-eabi/lib/thumb/v6-m/nofp\libg.a(lib_a-init.o)
                0x0000000000004270                __libc_init_array
 .text.memcpy   0x00000000000042b4       0xa4 c:/users/wiktor/appdata/roaming/xpacks/@xpack-dev-tools/arm-none-eabi-gcc/9.3.1-1.2.1/.content/bin/../lib/gcc/arm-none-eabi/9.3.1/../../../../arm-none-eabi/lib/thumb/v6-m/nofp\libg.a(lib_a-memcpy-stub.o)
                0x00000000000042b4                memcpy
 .text.memset   0x0000000000004358       0xa8 c:/users/wiktor/appdata/roaming/xpacks/@xpack-dev-tools/arm-none-eabi-gcc/9.3.1-1.2.1/.content/bin/../lib/gcc/arm-none-eabi/9.3.1/../../../../arm-none-eabi/lib/thumb/v6-m/nofp\libg.a(lib_a-memset.o)
                0x0000000000004358                memset
 .text.startup.register_fini
                0x0000000000004400       0x18 c:/users/wiktor/appdata/roaming/xpacks/@xpack-dev-tools/arm-none-eabi-gcc/9.3.1-1.2.1/.content/bin/../lib/gcc/arm-none-eabi/9.3.1/../../../../arm-none-eabi/lib/thumb/v6-m/nofp\libg.a(lib_a-__call_atexit.o)
 .text.__call_exitprocs
                0x0000000000004418       0xe4 c:/users/wiktor/appdata/roaming/xpacks/@xpack-dev-tools/arm-none-eabi-gcc/9.3.1-1.2.1/.content/bin/../lib/gcc/arm-none-eabi/9.3.1/../../../../arm-none-eabi/lib/thumb/v6-m/nofp\libg.a(lib_a-__call_atexit.o)
                0x0000000000004418                __call_exitprocs
 .text.__libc_fini_array
                0x00000000000044fc       0x28 c:/users/wiktor/appdata/roaming/xpacks/@xpack-dev-tools/arm-none-eabi-gcc/9.3.1-1.2.1/.content/bin/../lib/gcc/arm-none-eabi/9.3.1/../../../../arm-none-eabi/lib/thumb/v6-m/nofp\libg.a(lib_a-fini.o)
                0x00000000000044fc                __libc_fini_array
 .text.__retarget_lock_acquire_recursive
                0x0000000000004524        0x4 c:/users/wiktor/appdata/roaming/xpacks/@xpack-dev-tools/arm-none-eabi-gcc/9.3.1-1.2.1/.content/bin/../lib/gcc/arm-none-eabi/9.3.1/../../../../arm-none-eabi/lib/thumb/v6-m/nofp\libg.a(lib_a-lock.o)
                0x0000000000004524                __retarget_lock_acquire_recursive
 .text.__retarget_lock_release_recursive
                0x0000000000004528        0x4 c:/users/wiktor/appdata/roaming/xpacks/@xpack-dev-tools/arm-none-eabi-gcc/9.3.1-1.2.1/.content/bin/../lib/gcc/arm-none-eabi/9.3.1/../../../../arm-none-eabi/lib/thumb/v6-m/nofp\libg.a(lib_a-lock.o)
                0x0000000000004528                __retarget_lock_release_recursive
 .text.atexit   0x000000000000452c       0x10 c:/users/wiktor/appdata/roaming/xpacks/@xpack-dev-tools/arm-none-eabi-gcc/9.3.1-1.2.1/.content/bin/../lib/gcc/arm-none-eabi/9.3.1/../../../../arm-none-eabi/lib/thumb/v6-m/nofp\libg.a(lib_a-atexit.o)
                0x000000000000452c                atexit
 .text.__register_exitproc
                0x000000000000453c       0xac c:/users/wiktor/appdata/roaming/xpacks/@xpack-dev-tools/arm-none-eabi-gcc/9.3.1-1.2.1/.content/bin/../lib/gcc/arm-none-eabi/9.3.1/../../../../arm-none-eabi/lib/thumb/v6-m/nofp\libg.a(lib_a-__atexit.o)
                0x000000000000453c                __register_exitproc
 .text.selfrel_offset31
                0x00000000000045e8       0x18 c:/users/wiktor/appdata/roaming/xpacks/@xpack-dev-tools/arm-none-eabi-gcc/9.3.1-1.2.1/.content/bin/../lib/gcc/arm-none-eabi/9.3.1/thumb/v6-m/nofp\libgcc.a(unwind-arm.o)
 .text.search_EIT_table
                0x0000000000004600       0x70 c:/users/wiktor/appdata/roaming/xpacks/@xpack-dev-tools/arm-none-eabi-gcc/9.3.1-1.2.1/.content/bin/../lib/gcc/arm-none-eabi/9.3.1/thumb/v6-m/nofp\libgcc.a(unwind-arm.o)
 .text.__gnu_unwind_get_pr_addr
                0x0000000000004670       0x2c c:/users/wiktor/appdata/roaming/xpacks/@xpack-dev-tools/arm-none-eabi-gcc/9.3.1-1.2.1/.content/bin/../lib/gcc/arm-none-eabi/9.3.1/thumb/v6-m/nofp\libgcc.a(unwind-arm.o)
 .text.get_eit_entry
                0x000000000000469c       0x9c c:/users/wiktor/appdata/roaming/xpacks/@xpack-dev-tools/arm-none-eabi-gcc/9.3.1-1.2.1/.content/bin/../lib/gcc/arm-none-eabi/9.3.1/thumb/v6-m/nofp\libgcc.a(unwind-arm.o)
 .text.restore_non_core_regs
                0x0000000000004738       0x5c c:/users/wiktor/appdata/roaming/xpacks/@xpack-dev-tools/arm-none-eabi-gcc/9.3.1-1.2.1/.content/bin/../lib/gcc/arm-none-eabi/9.3.1/thumb/v6-m/nofp\libgcc.a(unwind-arm.o)
 .text._Unwind_decode_typeinfo_ptr.isra.0
                0x0000000000004794        0xc c:/users/wiktor/appdata/roaming/xpacks/@xpack-dev-tools/arm-none-eabi-gcc/9.3.1-1.2.1/.content/bin/../lib/gcc/arm-none-eabi/9.3.1/thumb/v6-m/nofp\libgcc.a(unwind-arm.o)
 .text._Unwind_DebugHook
                0x00000000000047a0        0x4 c:/users/wiktor/appdata/roaming/xpacks/@xpack-dev-tools/arm-none-eabi-gcc/9.3.1-1.2.1/.content/bin/../lib/gcc/arm-none-eabi/9.3.1/thumb/v6-m/nofp\libgcc.a(unwind-arm.o)
 .text.unwind_phase2
                0x00000000000047a4       0x3c c:/users/wiktor/appdata/roaming/xpacks/@xpack-dev-tools/arm-none-eabi-gcc/9.3.1-1.2.1/.content/bin/../lib/gcc/arm-none-eabi/9.3.1/thumb/v6-m/nofp\libgcc.a(unwind-arm.o)
 .text.unwind_phase2_forced
                0x00000000000047e0       0xd0 c:/users/wiktor/appdata/roaming/xpacks/@xpack-dev-tools/arm-none-eabi-gcc/9.3.1-1.2.1/.content/bin/../lib/gcc/arm-none-eabi/9.3.1/thumb/v6-m/nofp\libgcc.a(unwind-arm.o)
 .text.__gnu_Unwind_RaiseException
                0x00000000000048b0       0x54 c:/users/wiktor/appdata/roaming/xpacks/@xpack-dev-tools/arm-none-eabi-gcc/9.3.1-1.2.1/.content/bin/../lib/gcc/arm-none-eabi/9.3.1/thumb/v6-m/nofp\libgcc.a(unwind-arm.o)
                0x00000000000048b0                __gnu_Unwind_RaiseException
 .text.__gnu_Unwind_ForcedUnwind
                0x0000000000004904       0x14 c:/users/wiktor/appdata/roaming/xpacks/@xpack-dev-tools/arm-none-eabi-gcc/9.3.1-1.2.1/.content/bin/../lib/gcc/arm-none-eabi/9.3.1/thumb/v6-m/nofp\libgcc.a(unwind-arm.o)
                0x0000000000004904                __gnu_Unwind_ForcedUnwind
 .text.__gnu_Unwind_Resume
                0x0000000000004918       0x48 c:/users/wiktor/appdata/roaming/xpacks/@xpack-dev-tools/arm-none-eabi-gcc/9.3.1-1.2.1/.content/bin/../lib/gcc/arm-none-eabi/9.3.1/thumb/v6-m/nofp\libgcc.a(unwind-arm.o)
                0x0000000000004918                __gnu_Unwind_Resume
 .text.__gnu_Unwind_Resume_or_Rethrow
                0x0000000000004960       0x1c c:/users/wiktor/appdata/roaming/xpacks/@xpack-dev-tools/arm-none-eabi-gcc/9.3.1-1.2.1/.content/bin/../lib/gcc/arm-none-eabi/9.3.1/thumb/v6-m/nofp\libgcc.a(unwind-arm.o)
                0x0000000000004960                __gnu_Unwind_Resume_or_Rethrow
 .text._Unwind_VRS_Get
                0x000000000000497c       0x34 c:/users/wiktor/appdata/roaming/xpacks/@xpack-dev-tools/arm-none-eabi-gcc/9.3.1-1.2.1/.content/bin/../lib/gcc/arm-none-eabi/9.3.1/thumb/v6-m/nofp\libgcc.a(unwind-arm.o)
                0x000000000000497c                _Unwind_VRS_Get
 .text._Unwind_GetGR
                0x00000000000049b0       0x18 c:/users/wiktor/appdata/roaming/xpacks/@xpack-dev-tools/arm-none-eabi-gcc/9.3.1-1.2.1/.content/bin/../lib/gcc/arm-none-eabi/9.3.1/thumb/v6-m/nofp\libgcc.a(unwind-arm.o)
 .text._Unwind_VRS_Set
                0x00000000000049c8       0x34 c:/users/wiktor/appdata/roaming/xpacks/@xpack-dev-tools/arm-none-eabi-gcc/9.3.1-1.2.1/.content/bin/../lib/gcc/arm-none-eabi/9.3.1/thumb/v6-m/nofp\libgcc.a(unwind-arm.o)
                0x00000000000049c8                _Unwind_VRS_Set
 .text._Unwind_SetGR
                0x00000000000049fc       0x18 c:/users/wiktor/appdata/roaming/xpacks/@xpack-dev-tools/arm-none-eabi-gcc/9.3.1-1.2.1/.content/bin/../lib/gcc/arm-none-eabi/9.3.1/thumb/v6-m/nofp\libgcc.a(unwind-arm.o)
 .text.__gnu_Unwind_Backtrace
                0x0000000000004a14       0x70 c:/users/wiktor/appdata/roaming/xpacks/@xpack-dev-tools/arm-none-eabi-gcc/9.3.1-1.2.1/.content/bin/../lib/gcc/arm-none-eabi/9.3.1/thumb/v6-m/nofp\libgcc.a(unwind-arm.o)
                0x0000000000004a14                __gnu_Unwind_Backtrace
 .text.__gnu_unwind_pr_common
                0x0000000000004a84      0x2ec c:/users/wiktor/appdata/roaming/xpacks/@xpack-dev-tools/arm-none-eabi-gcc/9.3.1-1.2.1/.content/bin/../lib/gcc/arm-none-eabi/9.3.1/thumb/v6-m/nofp\libgcc.a(unwind-arm.o)
 .text.__aeabi_unwind_cpp_pr0
                0x0000000000004d70        0xc c:/users/wiktor/appdata/roaming/xpacks/@xpack-dev-tools/arm-none-eabi-gcc/9.3.1-1.2.1/.content/bin/../lib/gcc/arm-none-eabi/9.3.1/thumb/v6-m/nofp\libgcc.a(unwind-arm.o)
                0x0000000000004d70                __aeabi_unwind_cpp_pr0
 .text.__aeabi_unwind_cpp_pr1
                0x0000000000004d7c        0xc c:/users/wiktor/appdata/roaming/xpacks/@xpack-dev-tools/arm-none-eabi-gcc/9.3.1-1.2.1/.content/bin/../lib/gcc/arm-none-eabi/9.3.1/thumb/v6-m/nofp\libgcc.a(unwind-arm.o)
                0x0000000000004d7c                __aeabi_unwind_cpp_pr1
 .text.__aeabi_unwind_cpp_pr2
                0x0000000000004d88        0xc c:/users/wiktor/appdata/roaming/xpacks/@xpack-dev-tools/arm-none-eabi-gcc/9.3.1-1.2.1/.content/bin/../lib/gcc/arm-none-eabi/9.3.1/thumb/v6-m/nofp\libgcc.a(unwind-arm.o)
                0x0000000000004d88                __aeabi_unwind_cpp_pr2
 .text._Unwind_VRS_Pop
                0x0000000000004d94      0x27c c:/users/wiktor/appdata/roaming/xpacks/@xpack-dev-tools/arm-none-eabi-gcc/9.3.1-1.2.1/.content/bin/../lib/gcc/arm-none-eabi/9.3.1/thumb/v6-m/nofp\libgcc.a(unwind-arm.o)
                0x0000000000004d94                _Unwind_VRS_Pop
 .text          0x0000000000005010      0x144 c:/users/wiktor/appdata/roaming/xpacks/@xpack-dev-tools/arm-none-eabi-gcc/9.3.1-1.2.1/.content/bin/../lib/gcc/arm-none-eabi/9.3.1/thumb/v6-m/nofp\libgcc.a(libunwind.o)
                0x0000000000005010                __restore_core_regs
                0x0000000000005010                restore_core_regs
                0x000000000000503c                __gnu_Unwind_Restore_VFP
                0x0000000000005040                __gnu_Unwind_Save_VFP
                0x0000000000005044                __gnu_Unwind_Restore_VFP_D
                0x0000000000005048                __gnu_Unwind_Save_VFP_D
                0x000000000000504c                __gnu_Unwind_Restore_VFP_D_16_to_31
                0x0000000000005050                __gnu_Unwind_Save_VFP_D_16_to_31
                0x0000000000005054                __gnu_Unwind_Restore_WMMXD
                0x0000000000005058                __gnu_Unwind_Save_WMMXD
                0x000000000000505c                __gnu_Unwind_Restore_WMMXC
                0x0000000000005060                __gnu_Unwind_Save_WMMXC
                0x0000000000005064                ___Unwind_RaiseException
                0x0000000000005064                _Unwind_RaiseException
                0x0000000000005094                _Unwind_Resume
                0x0000000000005094                ___Unwind_Resume
                0x00000000000050c4                _Unwind_Resume_or_Rethrow
                0x00000000000050c4                ___Unwind_Resume_or_Rethrow
                0x00000000000050f4                _Unwind_ForcedUnwind
                0x00000000000050f4                ___Unwind_ForcedUnwind
                0x0000000000005124                ___Unwind_Backtrace
                0x0000000000005124                _Unwind_Backtrace
 .text.next_unwind_byte
                0x0000000000005154       0x34 c:/users/wiktor/appdata/roaming/xpacks/@xpack-dev-tools/arm-none-eabi-gcc/9.3.1-1.2.1/.content/bin/../lib/gcc/arm-none-eabi/9.3.1/thumb/v6-m/nofp\libgcc.a(pr-support.o)
 .text.__gnu_unwind_execute
                0x0000000000005188      0x2f0 c:/users/wiktor/appdata/roaming/xpacks/@xpack-dev-tools/arm-none-eabi-gcc/9.3.1-1.2.1/.content/bin/../lib/gcc/arm-none-eabi/9.3.1/thumb/v6-m/nofp\libgcc.a(pr-support.o)
                0x0000000000005188                __gnu_unwind_execute
 .text.abort    0x0000000000005478       0x10 c:/users/wiktor/appdata/roaming/xpacks/@xpack-dev-tools/arm-none-eabi-gcc/9.3.1-1.2.1/.content/bin/../lib/gcc/arm-none-eabi/9.3.1/../../../../arm-none-eabi/lib/thumb/v6-m/nofp\libg.a(lib_a-abort.o)
                0x0000000000005478                abort
 .text._raise_r
                0x0000000000005488       0x5c c:/users/wiktor/appdata/roaming/xpacks/@xpack-dev-tools/arm-none-eabi-gcc/9.3.1-1.2.1/.content/bin/../lib/gcc/arm-none-eabi/9.3.1/../../../../arm-none-eabi/lib/thumb/v6-m/nofp\libg.a(lib_a-signal.o)
                0x0000000000005488                _raise_r
 .text.raise    0x00000000000054e4       0x14 c:/users/wiktor/appdata/roaming/xpacks/@xpack-dev-tools/arm-none-eabi-gcc/9.3.1-1.2.1/.content/bin/../lib/gcc/arm-none-eabi/9.3.1/../../../../arm-none-eabi/lib/thumb/v6-m/nofp\libg.a(lib_a-signal.o)
                0x00000000000054e4                raise
 .text._kill_r  0x00000000000054f8       0x28 c:/users/wiktor/appdata/roaming/xpacks/@xpack-dev-tools/arm-none-eabi-gcc/9.3.1-1.2.1/.content/bin/../lib/gcc/arm-none-eabi/9.3.1/../../../../arm-none-eabi/lib/thumb/v6-m/nofp\libg.a(lib_a-signalr.o)
                0x00000000000054f8                _kill_r
 .text._getpid_r
                0x0000000000005520        0x8 c:/users/wiktor/appdata/roaming/xpacks/@xpack-dev-tools/arm-none-eabi-gcc/9.3.1-1.2.1/.content/bin/../lib/gcc/arm-none-eabi/9.3.1/../../../../arm-none-eabi/lib/thumb/v6-m/nofp\libg.a(lib_a-signalr.o)
                0x0000000000005520                _getpid_r
 .text._getpid  0x0000000000005528       0x10 c:/users/wiktor/appdata/roaming/xpacks/@xpack-dev-tools/arm-none-eabi-gcc/9.3.1-1.2.1/.content/bin/../lib/gcc/arm-none-eabi/9.3.1/../../../../arm-none-eabi/lib/thumb/v6-m/nofp\libnosys.a(getpid.o)
                0x0000000000005528                _getpid
 .text._kill    0x0000000000005538       0x10 c:/users/wiktor/appdata/roaming/xpacks/@xpack-dev-tools/arm-none-eabi-gcc/9.3.1-1.2.1/.content/bin/../lib/gcc/arm-none-eabi/9.3.1/../../../../arm-none-eabi/lib/thumb/v6-m/nofp\libnosys.a(kill.o)
                0x0000000000005538                _kill
 .text._exit    0x0000000000005548        0x4 c:/users/wiktor/appdata/roaming/xpacks/@xpack-dev-tools/arm-none-eabi-gcc/9.3.1-1.2.1/.content/bin/../lib/gcc/arm-none-eabi/9.3.1/../../../../arm-none-eabi/lib/thumb/v6-m/nofp\libnosys.a(_exit.o)
                0x0000000000005548                _exit
 *(.init)
 .init          0x000000000000554c        0x4 c:/users/wiktor/appdata/roaming/xpacks/@xpack-dev-tools/arm-none-eabi-gcc/9.3.1-1.2.1/.content/bin/../lib/gcc/arm-none-eabi/9.3.1/thumb/v6-m/nofp/crti.o
                0x000000000000554c                _init
 .init          0x0000000000005550        0x8 c:/users/wiktor/appdata/roaming/xpacks/@xpack-dev-tools/arm-none-eabi-gcc/9.3.1-1.2.1/.content/bin/../lib/gcc/arm-none-eabi/9.3.1/thumb/v6-m/nofp/crtn.o
 *(.fini)
 .fini          0x0000000000005558        0x4 c:/users/wiktor/appdata/roaming/xpacks/@xpack-dev-tools/arm-none-eabi-gcc/9.3.1-1.2.1/.content/bin/../lib/gcc/arm-none-eabi/9.3.1/thumb/v6-m/nofp/crti.o
                0x0000000000005558                _fini
 .fini          0x000000000000555c        0x8 c:/users/wiktor/appdata/roaming/xpacks/@xpack-dev-tools/arm-none-eabi-gcc/9.3.1-1.2.1/.content/bin/../lib/gcc/arm-none-eabi/9.3.1/thumb/v6-m/nofp/crtn.o
 *crtbegin.o(.ctors)
 *crtbegin?.o(.ctors)
 *(EXCLUDE_FILE(*crtend.o *crtend?.o) .ctors)
 *(SORT_BY_NAME(.ctors.*))
 *(.ctors)
 *crtbegin.o(.dtors)
 *crtbegin?.o(.dtors)
 *(EXCLUDE_FILE(*crtend.o *crtend?.o) .dtors)
 *(SORT_BY_NAME(.dtors.*))
 *(.dtors)
 *(.rodata*)
 .rodata        0x0000000000005564        0x5 ./src/freertos/tasks.o
 *fill*         0x0000000000005569        0x3 
 .rodata        0x000000000000556c        0xd ./src/freertos/timers.o
 *fill*         0x0000000000005579        0x3 
 .rodata.prvProcessReceivedCommands
                0x000000000000557c       0x28 ./src/freertos/timers.o
 .rodata.on_uart_event
                0x00000000000055a4       0x14 ./src/app_uart_fifo.o
 .rodata        0x00000000000055b8       0x12 ./src/console.o
 *fill*         0x00000000000055ca        0x2 
 .rodata.kitty1
                0x00000000000055cc      0x1ea ./src/main.o
                0x00000000000055cc                kitty1
 *fill*         0x00000000000057b6        0x2 
 .rodata.kitty2
                0x00000000000057b8       0xd2 ./src/main.o
                0x00000000000057b8                kitty2
 *fill*         0x000000000000588a        0x2 
 .rodata        0x000000000000588c       0xce ./src/main.o
 *fill*         0x000000000000595a        0x2 
 .rodata.uart_console_task_function
                0x000000000000595c       0x14 ./src/main.o
 .rodata._global_impure_ptr
                0x0000000000005970        0x4 c:/users/wiktor/appdata/roaming/xpacks/@xpack-dev-tools/arm-none-eabi-gcc/9.3.1-1.2.1/.content/bin/../lib/gcc/arm-none-eabi/9.3.1/../../../../arm-none-eabi/lib/thumb/v6-m/nofp\libg.a(lib_a-impure.o)
                0x0000000000005970                _global_impure_ptr
 *(.eh_frame*)
 .eh_frame      0x0000000000005974        0x0 c:/users/wiktor/appdata/roaming/xpacks/@xpack-dev-tools/arm-none-eabi-gcc/9.3.1-1.2.1/.content/bin/../lib/gcc/arm-none-eabi/9.3.1/thumb/v6-m/nofp/crtbegin.o
 .eh_frame      0x0000000000005974        0x4 c:/users/wiktor/appdata/roaming/xpacks/@xpack-dev-tools/arm-none-eabi-gcc/9.3.1-1.2.1/.content/bin/../lib/gcc/arm-none-eabi/9.3.1/thumb/v6-m/nofp/crtend.o

.glue_7         0x0000000000005978        0x0
 .glue_7        0x0000000000005978        0x0 linker stubs

.glue_7t        0x0000000000005978        0x0
 .glue_7t       0x0000000000005978        0x0 linker stubs

.vfp11_veneer   0x0000000000005978        0x0
 .vfp11_veneer  0x0000000000005978        0x0 linker stubs

.v4_bx          0x0000000000005978        0x0
 .v4_bx         0x0000000000005978        0x0 linker stubs

.iplt           0x0000000000005978        0x0
 .iplt          0x0000000000005978        0x0 c:/users/wiktor/appdata/roaming/xpacks/@xpack-dev-tools/arm-none-eabi-gcc/9.3.1-1.2.1/.content/bin/../lib/gcc/arm-none-eabi/9.3.1/thumb/v6-m/nofp/crtbegin.o

.ARM.extab      0x0000000000005978       0x48
 *(.ARM.extab* .gnu.linkonce.armextab.*)
 .ARM.extab.text.__call_exitprocs
                0x0000000000005978        0xc c:/users/wiktor/appdata/roaming/xpacks/@xpack-dev-tools/arm-none-eabi-gcc/9.3.1-1.2.1/.content/bin/../lib/gcc/arm-none-eabi/9.3.1/../../../../arm-none-eabi/lib/thumb/v6-m/nofp\libg.a(lib_a-__call_atexit.o)
 .ARM.extab.text.__register_exitproc
                0x0000000000005984        0xc c:/users/wiktor/appdata/roaming/xpacks/@xpack-dev-tools/arm-none-eabi-gcc/9.3.1-1.2.1/.content/bin/../lib/gcc/arm-none-eabi/9.3.1/../../../../arm-none-eabi/lib/thumb/v6-m/nofp\libg.a(lib_a-__atexit.o)
 .ARM.extab.text.unwind_phase2_forced
                0x0000000000005990        0xc c:/users/wiktor/appdata/roaming/xpacks/@xpack-dev-tools/arm-none-eabi-gcc/9.3.1-1.2.1/.content/bin/../lib/gcc/arm-none-eabi/9.3.1/thumb/v6-m/nofp\libgcc.a(unwind-arm.o)
 .ARM.extab.text.__gnu_unwind_pr_common
                0x000000000000599c        0xc c:/users/wiktor/appdata/roaming/xpacks/@xpack-dev-tools/arm-none-eabi-gcc/9.3.1-1.2.1/.content/bin/../lib/gcc/arm-none-eabi/9.3.1/thumb/v6-m/nofp\libgcc.a(unwind-arm.o)
 .ARM.extab.text._Unwind_VRS_Pop
                0x00000000000059a8        0xc c:/users/wiktor/appdata/roaming/xpacks/@xpack-dev-tools/arm-none-eabi-gcc/9.3.1-1.2.1/.content/bin/../lib/gcc/arm-none-eabi/9.3.1/thumb/v6-m/nofp\libgcc.a(unwind-arm.o)
 .ARM.extab.text.__gnu_unwind_execute
                0x00000000000059b4        0xc c:/users/wiktor/appdata/roaming/xpacks/@xpack-dev-tools/arm-none-eabi-gcc/9.3.1-1.2.1/.content/bin/../lib/gcc/arm-none-eabi/9.3.1/thumb/v6-m/nofp\libgcc.a(pr-support.o)
                0x00000000000059c0                __exidx_start = .

.ARM.exidx      0x00000000000059c0      0x108
 *(.ARM.exidx* .gnu.linkonce.armexidx.*)
 .ARM.exidx     0x00000000000059c0        0x8 c:/users/wiktor/appdata/roaming/xpacks/@xpack-dev-tools/arm-none-eabi-gcc/9.3.1-1.2.1/.content/bin/../lib/gcc/arm-none-eabi/9.3.1/../../../../arm-none-eabi/lib/thumb/v6-m/nofp/crt0.o
                                         0x10 (size before relaxing)
 .ARM.exidx.text.exit
                0x00000000000059c8        0x8 c:/users/wiktor/appdata/roaming/xpacks/@xpack-dev-tools/arm-none-eabi-gcc/9.3.1-1.2.1/.content/bin/../lib/gcc/arm-none-eabi/9.3.1/../../../../arm-none-eabi/lib/thumb/v6-m/nofp\libg.a(lib_a-exit.o)
 .ARM.exidx.text.__libc_init_array
                0x00000000000059d0        0x8 c:/users/wiktor/appdata/roaming/xpacks/@xpack-dev-tools/arm-none-eabi-gcc/9.3.1-1.2.1/.content/bin/../lib/gcc/arm-none-eabi/9.3.1/../../../../arm-none-eabi/lib/thumb/v6-m/nofp\libg.a(lib_a-init.o)
 .ARM.exidx.text.memcpy
                0x00000000000059d8        0x8 c:/users/wiktor/appdata/roaming/xpacks/@xpack-dev-tools/arm-none-eabi-gcc/9.3.1-1.2.1/.content/bin/../lib/gcc/arm-none-eabi/9.3.1/../../../../arm-none-eabi/lib/thumb/v6-m/nofp\libg.a(lib_a-memcpy-stub.o)
 .ARM.exidx.text.memset
                0x00000000000059e0        0x0 c:/users/wiktor/appdata/roaming/xpacks/@xpack-dev-tools/arm-none-eabi-gcc/9.3.1-1.2.1/.content/bin/../lib/gcc/arm-none-eabi/9.3.1/../../../../arm-none-eabi/lib/thumb/v6-m/nofp\libg.a(lib_a-memset.o)
                                          0x8 (size before relaxing)
 .ARM.exidx.text.startup.register_fini
                0x00000000000059e0        0x8 c:/users/wiktor/appdata/roaming/xpacks/@xpack-dev-tools/arm-none-eabi-gcc/9.3.1-1.2.1/.content/bin/../lib/gcc/arm-none-eabi/9.3.1/../../../../arm-none-eabi/lib/thumb/v6-m/nofp\libg.a(lib_a-__call_atexit.o)
 .ARM.exidx.text.__call_exitprocs
                0x00000000000059e8        0x8 c:/users/wiktor/appdata/roaming/xpacks/@xpack-dev-tools/arm-none-eabi-gcc/9.3.1-1.2.1/.content/bin/../lib/gcc/arm-none-eabi/9.3.1/../../../../arm-none-eabi/lib/thumb/v6-m/nofp\libg.a(lib_a-__call_atexit.o)
 .ARM.exidx.text.__libc_fini_array
                0x00000000000059f0        0x8 c:/users/wiktor/appdata/roaming/xpacks/@xpack-dev-tools/arm-none-eabi-gcc/9.3.1-1.2.1/.content/bin/../lib/gcc/arm-none-eabi/9.3.1/../../../../arm-none-eabi/lib/thumb/v6-m/nofp\libg.a(lib_a-fini.o)
 .ARM.exidx.text.__retarget_lock_acquire_recursive
                0x00000000000059f8        0x8 c:/users/wiktor/appdata/roaming/xpacks/@xpack-dev-tools/arm-none-eabi-gcc/9.3.1-1.2.1/.content/bin/../lib/gcc/arm-none-eabi/9.3.1/../../../../arm-none-eabi/lib/thumb/v6-m/nofp\libg.a(lib_a-lock.o)
 .ARM.exidx.text.__retarget_lock_release_recursive
                0x0000000000005a00        0x0 c:/users/wiktor/appdata/roaming/xpacks/@xpack-dev-tools/arm-none-eabi-gcc/9.3.1-1.2.1/.content/bin/../lib/gcc/arm-none-eabi/9.3.1/../../../../arm-none-eabi/lib/thumb/v6-m/nofp\libg.a(lib_a-lock.o)
                                          0x8 (size before relaxing)
 .ARM.exidx.text.atexit
                0x0000000000005a00        0x8 c:/users/wiktor/appdata/roaming/xpacks/@xpack-dev-tools/arm-none-eabi-gcc/9.3.1-1.2.1/.content/bin/../lib/gcc/arm-none-eabi/9.3.1/../../../../arm-none-eabi/lib/thumb/v6-m/nofp\libg.a(lib_a-atexit.o)
 .ARM.exidx.text.__register_exitproc
                0x0000000000005a08        0x8 c:/users/wiktor/appdata/roaming/xpacks/@xpack-dev-tools/arm-none-eabi-gcc/9.3.1-1.2.1/.content/bin/../lib/gcc/arm-none-eabi/9.3.1/../../../../arm-none-eabi/lib/thumb/v6-m/nofp\libg.a(lib_a-__atexit.o)
 .ARM.exidx.text.selfrel_offset31
                0x0000000000005a10        0x8 c:/users/wiktor/appdata/roaming/xpacks/@xpack-dev-tools/arm-none-eabi-gcc/9.3.1-1.2.1/.content/bin/../lib/gcc/arm-none-eabi/9.3.1/thumb/v6-m/nofp\libgcc.a(unwind-arm.o)
 .ARM.exidx.text.search_EIT_table
                0x0000000000005a18        0x0 c:/users/wiktor/appdata/roaming/xpacks/@xpack-dev-tools/arm-none-eabi-gcc/9.3.1-1.2.1/.content/bin/../lib/gcc/arm-none-eabi/9.3.1/thumb/v6-m/nofp\libgcc.a(unwind-arm.o)
                                          0x8 (size before relaxing)
 .ARM.exidx.text.__gnu_unwind_get_pr_addr
                0x0000000000005a18        0x0 c:/users/wiktor/appdata/roaming/xpacks/@xpack-dev-tools/arm-none-eabi-gcc/9.3.1-1.2.1/.content/bin/../lib/gcc/arm-none-eabi/9.3.1/thumb/v6-m/nofp\libgcc.a(unwind-arm.o)
                                          0x8 (size before relaxing)
 .ARM.exidx.text.get_eit_entry
                0x0000000000005a18        0x8 c:/users/wiktor/appdata/roaming/xpacks/@xpack-dev-tools/arm-none-eabi-gcc/9.3.1-1.2.1/.content/bin/../lib/gcc/arm-none-eabi/9.3.1/thumb/v6-m/nofp\libgcc.a(unwind-arm.o)
 .ARM.exidx.text.restore_non_core_regs
                0x0000000000005a20        0x8 c:/users/wiktor/appdata/roaming/xpacks/@xpack-dev-tools/arm-none-eabi-gcc/9.3.1-1.2.1/.content/bin/../lib/gcc/arm-none-eabi/9.3.1/thumb/v6-m/nofp\libgcc.a(unwind-arm.o)
 .ARM.exidx.text._Unwind_decode_typeinfo_ptr.isra.0
                0x0000000000005a28        0x8 c:/users/wiktor/appdata/roaming/xpacks/@xpack-dev-tools/arm-none-eabi-gcc/9.3.1-1.2.1/.content/bin/../lib/gcc/arm-none-eabi/9.3.1/thumb/v6-m/nofp\libgcc.a(unwind-arm.o)
 .ARM.exidx.text._Unwind_DebugHook
                0x0000000000005a30        0x0 c:/users/wiktor/appdata/roaming/xpacks/@xpack-dev-tools/arm-none-eabi-gcc/9.3.1-1.2.1/.content/bin/../lib/gcc/arm-none-eabi/9.3.1/thumb/v6-m/nofp\libgcc.a(unwind-arm.o)
                                          0x8 (size before relaxing)
 .ARM.exidx.text.unwind_phase2
                0x0000000000005a30        0x8 c:/users/wiktor/appdata/roaming/xpacks/@xpack-dev-tools/arm-none-eabi-gcc/9.3.1-1.2.1/.content/bin/../lib/gcc/arm-none-eabi/9.3.1/thumb/v6-m/nofp\libgcc.a(unwind-arm.o)
 .ARM.exidx.text.unwind_phase2_forced
                0x0000000000005a38        0x8 c:/users/wiktor/appdata/roaming/xpacks/@xpack-dev-tools/arm-none-eabi-gcc/9.3.1-1.2.1/.content/bin/../lib/gcc/arm-none-eabi/9.3.1/thumb/v6-m/nofp\libgcc.a(unwind-arm.o)
 .ARM.exidx.text.__gnu_Unwind_RaiseException
                0x0000000000005a40        0x8 c:/users/wiktor/appdata/roaming/xpacks/@xpack-dev-tools/arm-none-eabi-gcc/9.3.1-1.2.1/.content/bin/../lib/gcc/arm-none-eabi/9.3.1/thumb/v6-m/nofp\libgcc.a(unwind-arm.o)
 .ARM.exidx.text.__gnu_Unwind_ForcedUnwind
                0x0000000000005a48        0x8 c:/users/wiktor/appdata/roaming/xpacks/@xpack-dev-tools/arm-none-eabi-gcc/9.3.1-1.2.1/.content/bin/../lib/gcc/arm-none-eabi/9.3.1/thumb/v6-m/nofp\libgcc.a(unwind-arm.o)
 .ARM.exidx.text.__gnu_Unwind_Resume
                0x0000000000005a50        0x8 c:/users/wiktor/appdata/roaming/xpacks/@xpack-dev-tools/arm-none-eabi-gcc/9.3.1-1.2.1/.content/bin/../lib/gcc/arm-none-eabi/9.3.1/thumb/v6-m/nofp\libgcc.a(unwind-arm.o)
 .ARM.exidx.text.__gnu_Unwind_Resume_or_Rethrow
                0x0000000000005a58        0x8 c:/users/wiktor/appdata/roaming/xpacks/@xpack-dev-tools/arm-none-eabi-gcc/9.3.1-1.2.1/.content/bin/../lib/gcc/arm-none-eabi/9.3.1/thumb/v6-m/nofp\libgcc.a(unwind-arm.o)
 .ARM.exidx.text._Unwind_VRS_Get
                0x0000000000005a60        0x8 c:/users/wiktor/appdata/roaming/xpacks/@xpack-dev-tools/arm-none-eabi-gcc/9.3.1-1.2.1/.content/bin/../lib/gcc/arm-none-eabi/9.3.1/thumb/v6-m/nofp\libgcc.a(unwind-arm.o)
 .ARM.exidx.text._Unwind_GetGR
                0x0000000000005a68        0x0 c:/users/wiktor/appdata/roaming/xpacks/@xpack-dev-tools/arm-none-eabi-gcc/9.3.1-1.2.1/.content/bin/../lib/gcc/arm-none-eabi/9.3.1/thumb/v6-m/nofp\libgcc.a(unwind-arm.o)
                                          0x8 (size before relaxing)
 .ARM.exidx.text._Unwind_VRS_Set
                0x0000000000005a68        0x0 c:/users/wiktor/appdata/roaming/xpacks/@xpack-dev-tools/arm-none-eabi-gcc/9.3.1-1.2.1/.content/bin/../lib/gcc/arm-none-eabi/9.3.1/thumb/v6-m/nofp\libgcc.a(unwind-arm.o)
                                          0x8 (size before relaxing)
 .ARM.exidx.text._Unwind_SetGR
                0x0000000000005a68        0x0 c:/users/wiktor/appdata/roaming/xpacks/@xpack-dev-tools/arm-none-eabi-gcc/9.3.1-1.2.1/.content/bin/../lib/gcc/arm-none-eabi/9.3.1/thumb/v6-m/nofp\libgcc.a(unwind-arm.o)
                                          0x8 (size before relaxing)
 .ARM.exidx.text.__gnu_Unwind_Backtrace
                0x0000000000005a68        0x8 c:/users/wiktor/appdata/roaming/xpacks/@xpack-dev-tools/arm-none-eabi-gcc/9.3.1-1.2.1/.content/bin/../lib/gcc/arm-none-eabi/9.3.1/thumb/v6-m/nofp\libgcc.a(unwind-arm.o)
 .ARM.exidx.text.__gnu_unwind_pr_common
                0x0000000000005a70        0x8 c:/users/wiktor/appdata/roaming/xpacks/@xpack-dev-tools/arm-none-eabi-gcc/9.3.1-1.2.1/.content/bin/../lib/gcc/arm-none-eabi/9.3.1/thumb/v6-m/nofp\libgcc.a(unwind-arm.o)
 .ARM.exidx.text.__aeabi_unwind_cpp_pr0
                0x0000000000005a78        0x8 c:/users/wiktor/appdata/roaming/xpacks/@xpack-dev-tools/arm-none-eabi-gcc/9.3.1-1.2.1/.content/bin/../lib/gcc/arm-none-eabi/9.3.1/thumb/v6-m/nofp\libgcc.a(unwind-arm.o)
 .ARM.exidx.text.__aeabi_unwind_cpp_pr1
                0x0000000000005a80        0x0 c:/users/wiktor/appdata/roaming/xpacks/@xpack-dev-tools/arm-none-eabi-gcc/9.3.1-1.2.1/.content/bin/../lib/gcc/arm-none-eabi/9.3.1/thumb/v6-m/nofp\libgcc.a(unwind-arm.o)
                                          0x8 (size before relaxing)
 .ARM.exidx.text.__aeabi_unwind_cpp_pr2
                0x0000000000005a80        0x0 c:/users/wiktor/appdata/roaming/xpacks/@xpack-dev-tools/arm-none-eabi-gcc/9.3.1-1.2.1/.content/bin/../lib/gcc/arm-none-eabi/9.3.1/thumb/v6-m/nofp\libgcc.a(unwind-arm.o)
                                          0x8 (size before relaxing)
 .ARM.exidx.text._Unwind_VRS_Pop
                0x0000000000005a80       0x10 c:/users/wiktor/appdata/roaming/xpacks/@xpack-dev-tools/arm-none-eabi-gcc/9.3.1-1.2.1/.content/bin/../lib/gcc/arm-none-eabi/9.3.1/thumb/v6-m/nofp\libgcc.a(unwind-arm.o)
                                          0x8 (size before relaxing)
 .ARM.exidx.text.next_unwind_byte
                0x0000000000005a90        0x0 c:/users/wiktor/appdata/roaming/xpacks/@xpack-dev-tools/arm-none-eabi-gcc/9.3.1-1.2.1/.content/bin/../lib/gcc/arm-none-eabi/9.3.1/thumb/v6-m/nofp\libgcc.a(pr-support.o)
                                          0x8 (size before relaxing)
 .ARM.exidx.text.__gnu_unwind_execute
                0x0000000000005a90        0x8 c:/users/wiktor/appdata/roaming/xpacks/@xpack-dev-tools/arm-none-eabi-gcc/9.3.1-1.2.1/.content/bin/../lib/gcc/arm-none-eabi/9.3.1/thumb/v6-m/nofp\libgcc.a(pr-support.o)
 .ARM.exidx.text.abort
                0x0000000000005a98        0x8 c:/users/wiktor/appdata/roaming/xpacks/@xpack-dev-tools/arm-none-eabi-gcc/9.3.1-1.2.1/.content/bin/../lib/gcc/arm-none-eabi/9.3.1/../../../../arm-none-eabi/lib/thumb/v6-m/nofp\libg.a(lib_a-abort.o)
 .ARM.exidx.text._raise_r
                0x0000000000005aa0        0x8 c:/users/wiktor/appdata/roaming/xpacks/@xpack-dev-tools/arm-none-eabi-gcc/9.3.1-1.2.1/.content/bin/../lib/gcc/arm-none-eabi/9.3.1/../../../../arm-none-eabi/lib/thumb/v6-m/nofp\libg.a(lib_a-signal.o)
 .ARM.exidx.text.raise
                0x0000000000005aa8        0x8 c:/users/wiktor/appdata/roaming/xpacks/@xpack-dev-tools/arm-none-eabi-gcc/9.3.1-1.2.1/.content/bin/../lib/gcc/arm-none-eabi/9.3.1/../../../../arm-none-eabi/lib/thumb/v6-m/nofp\libg.a(lib_a-signal.o)
 .ARM.exidx.text._kill_r
                0x0000000000005ab0        0x8 c:/users/wiktor/appdata/roaming/xpacks/@xpack-dev-tools/arm-none-eabi-gcc/9.3.1-1.2.1/.content/bin/../lib/gcc/arm-none-eabi/9.3.1/../../../../arm-none-eabi/lib/thumb/v6-m/nofp\libg.a(lib_a-signalr.o)
 .ARM.exidx.text._getpid_r
                0x0000000000005ab8        0x8 c:/users/wiktor/appdata/roaming/xpacks/@xpack-dev-tools/arm-none-eabi-gcc/9.3.1-1.2.1/.content/bin/../lib/gcc/arm-none-eabi/9.3.1/../../../../arm-none-eabi/lib/thumb/v6-m/nofp\libg.a(lib_a-signalr.o)
 .ARM.exidx.text._getpid
                0x0000000000005ac0        0x8 c:/users/wiktor/appdata/roaming/xpacks/@xpack-dev-tools/arm-none-eabi-gcc/9.3.1-1.2.1/.content/bin/../lib/gcc/arm-none-eabi/9.3.1/../../../../arm-none-eabi/lib/thumb/v6-m/nofp\libnosys.a(getpid.o)
 .ARM.exidx.text._kill
                0x0000000000005ac8        0x0 c:/users/wiktor/appdata/roaming/xpacks/@xpack-dev-tools/arm-none-eabi-gcc/9.3.1-1.2.1/.content/bin/../lib/gcc/arm-none-eabi/9.3.1/../../../../arm-none-eabi/lib/thumb/v6-m/nofp\libnosys.a(kill.o)
                                          0x8 (size before relaxing)
 .ARM.exidx.text._exit
                0x0000000000005ac8        0x0 c:/users/wiktor/appdata/roaming/xpacks/@xpack-dev-tools/arm-none-eabi-gcc/9.3.1-1.2.1/.content/bin/../lib/gcc/arm-none-eabi/9.3.1/../../../../arm-none-eabi/lib/thumb/v6-m/nofp\libnosys.a(_exit.o)
                                          0x8 (size before relaxing)
                0x0000000000005ac8                __exidx_end = .
                0x0000000000005ac8                __etext = .

.rel.dyn        0x0000000000005ac8        0x0
 .rel.iplt      0x0000000000005ac8        0x0 c:/users/wiktor/appdata/roaming/xpacks/@xpack-dev-tools/arm-none-eabi-gcc/9.3.1-1.2.1/.content/bin/../lib/gcc/arm-none-eabi/9.3.1/thumb/v6-m/nofp/crtbegin.o

.data           0x0000000020000000      0x448 load address 0x0000000000005ac8
                0x0000000020000000                __data_start__ = .
 *(vtable)
 *(.data*)
 .data.xNextTaskUnblockTime
                0x0000000020000000        0x4 ./src/freertos/tasks.o
 .data.m_instance_counter
                0x0000000020000004        0x1 ./src/app_uart_fifo.o
 *fill*         0x0000000020000005        0x3 
 .data._impure_ptr
                0x0000000020000008        0x4 c:/users/wiktor/appdata/roaming/xpacks/@xpack-dev-tools/arm-none-eabi-gcc/9.3.1-1.2.1/.content/bin/../lib/gcc/arm-none-eabi/9.3.1/../../../../arm-none-eabi/lib/thumb/v6-m/nofp\libg.a(lib_a-impure.o)
                0x0000000020000008                _impure_ptr
 *fill*         0x000000002000000c        0x4 
 .data.impure_data
                0x0000000020000010      0x428 c:/users/wiktor/appdata/roaming/xpacks/@xpack-dev-tools/arm-none-eabi-gcc/9.3.1-1.2.1/.content/bin/../lib/gcc/arm-none-eabi/9.3.1/../../../../arm-none-eabi/lib/thumb/v6-m/nofp\libg.a(lib_a-impure.o)
 .data.__atexit_recursive_mutex
                0x0000000020000438        0x4 c:/users/wiktor/appdata/roaming/xpacks/@xpack-dev-tools/arm-none-eabi-gcc/9.3.1-1.2.1/.content/bin/../lib/gcc/arm-none-eabi/9.3.1/../../../../arm-none-eabi/lib/thumb/v6-m/nofp\libg.a(lib_a-__call_atexit.o)
                0x0000000020000438                __atexit_recursive_mutex
                0x000000002000043c                . = ALIGN (0x4)
                0x000000002000043c                PROVIDE (__preinit_array_start = .)
 *(.preinit_array)
                0x000000002000043c                PROVIDE (__preinit_array_end = .)
                0x000000002000043c                . = ALIGN (0x4)
                0x000000002000043c                PROVIDE (__init_array_start = .)
 *(SORT_BY_NAME(.init_array.*))
 .init_array.00000
                0x000000002000043c        0x4 c:/users/wiktor/appdata/roaming/xpacks/@xpack-dev-tools/arm-none-eabi-gcc/9.3.1-1.2.1/.content/bin/../lib/gcc/arm-none-eabi/9.3.1/../../../../arm-none-eabi/lib/thumb/v6-m/nofp\libg.a(lib_a-__call_atexit.o)
 *(.init_array)
 .init_array    0x0000000020000440        0x4 c:/users/wiktor/appdata/roaming/xpacks/@xpack-dev-tools/arm-none-eabi-gcc/9.3.1-1.2.1/.content/bin/../lib/gcc/arm-none-eabi/9.3.1/thumb/v6-m/nofp/crtbegin.o
                0x0000000020000444                PROVIDE (__init_array_end = .)
                0x0000000020000444                . = ALIGN (0x4)
                0x0000000020000444                PROVIDE (__fini_array_start = .)
 *(SORT_BY_NAME(.fini_array.*))
 *(.fini_array)
 .fini_array    0x0000000020000444        0x4 c:/users/wiktor/appdata/roaming/xpacks/@xpack-dev-tools/arm-none-eabi-gcc/9.3.1-1.2.1/.content/bin/../lib/gcc/arm-none-eabi/9.3.1/thumb/v6-m/nofp/crtbegin.o
                0x0000000020000448                PROVIDE (__fini_array_end = .)
 *(.jcr*)
                0x0000000020000448                . = ALIGN (0x4)
                0x0000000020000448                __data_end__ = .

.igot.plt       0x0000000020000448        0x0 load address 0x0000000000005f10
 .igot.plt      0x0000000020000448        0x0 c:/users/wiktor/appdata/roaming/xpacks/@xpack-dev-tools/arm-none-eabi-gcc/9.3.1-1.2.1/.content/bin/../lib/gcc/arm-none-eabi/9.3.1/thumb/v6-m/nofp/crtbegin.o

.bss            0x0000000020000448     0x15f4 load address 0x0000000000005f10
                0x0000000020000448                . = ALIGN (0x4)
                0x0000000020000448                __bss_start__ = .
 *(.bss*)
 .bss.completed.8914
                0x0000000020000448        0x1 c:/users/wiktor/appdata/roaming/xpacks/@xpack-dev-tools/arm-none-eabi-gcc/9.3.1-1.2.1/.content/bin/../lib/gcc/arm-none-eabi/9.3.1/thumb/v6-m/nofp/crtbegin.o
 *fill*         0x0000000020000449        0x3 
 .bss.object.8919
                0x000000002000044c       0x18 c:/users/wiktor/appdata/roaming/xpacks/@xpack-dev-tools/arm-none-eabi-gcc/9.3.1-1.2.1/.content/bin/../lib/gcc/arm-none-eabi/9.3.1/thumb/v6-m/nofp/crtbegin.o
 .bss.ucHeap    0x0000000020000464     0x1000 ./src/freertos/portable/MemMang/heap_1.o
 .bss.xNextFreeByte
                0x0000000020001464        0x4 ./src/freertos/portable/MemMang/heap_1.o
 .bss.pucAlignedHeap.6039
                0x0000000020001468        0x4 ./src/freertos/portable/MemMang/heap_1.o
 .bss.uxCriticalNesting
                0x000000002000146c        0x4 ./src/freertos/port_cmsis.o
 .bss.pxCurrentTCB
                0x0000000020001470        0x4 ./src/freertos/tasks.o
                0x0000000020001470                pxCurrentTCB
 .bss.pxReadyTasksLists
                0x0000000020001474       0x3c ./src/freertos/tasks.o
 .bss.xDelayedTaskList1
                0x00000000200014b0       0x14 ./src/freertos/tasks.o
 .bss.xDelayedTaskList2
                0x00000000200014c4       0x14 ./src/freertos/tasks.o
 .bss.pxDelayedTaskList
                0x00000000200014d8        0x4 ./src/freertos/tasks.o
 .bss.pxOverflowDelayedTaskList
                0x00000000200014dc        0x4 ./src/freertos/tasks.o
 .bss.xPendingReadyList
                0x00000000200014e0       0x14 ./src/freertos/tasks.o
 .bss.xTasksWaitingTermination
                0x00000000200014f4       0x14 ./src/freertos/tasks.o
 .bss.uxTasksDeleted
                0x0000000020001508        0x4 ./src/freertos/tasks.o
 .bss.xSuspendedTaskList
                0x000000002000150c       0x14 ./src/freertos/tasks.o
 .bss.xIdleTaskHandle
                0x0000000020001520        0x4 ./src/freertos/tasks.o
 .bss.uxCurrentNumberOfTasks
                0x0000000020001524        0x4 ./src/freertos/tasks.o
 .bss.xTickCount
                0x0000000020001528        0x4 ./src/freertos/tasks.o
 .bss.uxTopReadyPriority
                0x000000002000152c        0x4 ./src/freertos/tasks.o
 .bss.xSchedulerRunning
                0x0000000020001530        0x4 ./src/freertos/tasks.o
 .bss.uxPendedTicks
                0x0000000020001534        0x4 ./src/freertos/tasks.o
 .bss.xYieldPending
                0x0000000020001538        0x4 ./src/freertos/tasks.o
 .bss.xNumOfOverflows
                0x000000002000153c        0x4 ./src/freertos/tasks.o
 .bss.uxTaskNumber
                0x0000000020001540        0x4 ./src/freertos/tasks.o
 .bss.uxSchedulerSuspended
                0x0000000020001544        0x4 ./src/freertos/tasks.o
 .bss.xActiveTimerList1
                0x0000000020001548       0x14 ./src/freertos/timers.o
 .bss.xActiveTimerList2
                0x000000002000155c       0x14 ./src/freertos/timers.o
 .bss.pxCurrentTimerList
                0x0000000020001570        0x4 ./src/freertos/timers.o
 .bss.pxOverflowTimerList
                0x0000000020001574        0x4 ./src/freertos/timers.o
 .bss.xTimerQueue
                0x0000000020001578        0x4 ./src/freertos/timers.o
 .bss.xTimerTaskHandle
                0x000000002000157c        0x4 ./src/freertos/timers.o
 .bss.xLastTime.6295
                0x0000000020001580        0x4 ./src/freertos/timers.o
 .bss.m_rx_fifo
                0x0000000020001584       0x10 ./src/app_uart_fifo.o
 .bss.m_tx_fifo
                0x0000000020001594       0x10 ./src/app_uart_fifo.o
 .bss.m_event_handler
                0x00000000200015a4        0x4 ./src/app_uart_fifo.o
 .bss.m_current_state
                0x00000000200015a8        0x1 ./src/app_uart_fifo.o
 .bss.m_console
                0x00000000200015a9        0x1 ./src/console.o
 *fill*         0x00000000200015aa        0x2 
 .bss.rx_buf.5257
                0x00000000200015ac        0x8 ./src/console.o
 .bss.tx_buf.5258
                0x00000000200015b4      0x400 ./src/console.o
 .bss.m_clock_cb
                0x00000000200019b4        0xc ./src/nrf_drv_clock.o
 .bss.m_cb      0x00000000200019c0       0x3c ./src/nrf_drv_gpiote.o
 *(COMMON)
 COMMON         0x00000000200019fc       0x10 ./src/freertos/queue.o
                0x00000000200019fc                xQueueRegistry
 COMMON         0x0000000020001a0c        0x8 ./src/main.o
                0x0000000020001a0c                uart_console_idle_timer_handle
                0x0000000020001a10                uart_console_task_handle
 COMMON         0x0000000020001a14       0x21 c:/users/wiktor/appdata/roaming/xpacks/@xpack-dev-tools/arm-none-eabi-gcc/9.3.1-1.2.1/.content/bin/../lib/gcc/arm-none-eabi/9.3.1/../../../../arm-none-eabi/lib/thumb/v6-m/nofp\libg.a(lib_a-lock.o)
                0x0000000020001a14                __lock___atexit_recursive_mutex
                0x0000000020001a18                __lock___arc4random_mutex
                0x0000000020001a1c                __lock___env_recursive_mutex
                0x0000000020001a20                __lock___sinit_recursive_mutex
                0x0000000020001a24                __lock___malloc_recursive_mutex
                0x0000000020001a28                __lock___at_quick_exit_mutex
                0x0000000020001a2c                __lock___dd_hash_mutex
                0x0000000020001a30                __lock___tz_mutex
                0x0000000020001a34                __lock___sfp_recursive_mutex
 *fill*         0x0000000020001a35        0x3 
 COMMON         0x0000000020001a38        0x4 c:/users/wiktor/appdata/roaming/xpacks/@xpack-dev-tools/arm-none-eabi-gcc/9.3.1-1.2.1/.content/bin/../lib/gcc/arm-none-eabi/9.3.1/../../../../arm-none-eabi/lib/thumb/v6-m/nofp\libg.a(lib_a-reent.o)
                0x0000000020001a38                errno
                0x0000000020001a3c                . = ALIGN (0x4)
                0x0000000020001a3c                __bss_end__ = .

.heap           0x0000000020001a40      0x800
                0x0000000020001a40                __HeapBase = .
                0x0000000020001a40                __end__ = .
                0x0000000020001a40                PROVIDE (end = .)
 *(.heap*)
 .heap          0x0000000020001a40      0x800 ./src/gcc_startup_nrf51.o
                0x0000000020002240                __HeapLimit = .

.stack_dummy    0x0000000020001a40      0x800
 *(.stack*)
 .stack         0x0000000020001a40      0x800 ./src/gcc_startup_nrf51.o
                0x0000000020008000                __StackTop = (ORIGIN (RAM) + LENGTH (RAM))
                0x0000000020007800                __StackLimit = (__StackTop - SIZEOF (.stack_dummy))
                0x0000000020008000                PROVIDE (__stack = __StackTop)
                0x0000000000000001                ASSERT ((__StackLimit >= __HeapLimit), region RAM overflowed with stack)
OUTPUT(freertos.elf elf32-littlearm)
LOAD linker stubs

.ARM.attributes
                0x0000000000000000       0x28
 .ARM.attributes
                0x0000000000000000       0x1e c:/users/wiktor/appdata/roaming/xpacks/@xpack-dev-tools/arm-none-eabi-gcc/9.3.1-1.2.1/.content/bin/../lib/gcc/arm-none-eabi/9.3.1/thumb/v6-m/nofp/crti.o
 .ARM.attributes
                0x000000000000001e       0x2c c:/users/wiktor/appdata/roaming/xpacks/@xpack-dev-tools/arm-none-eabi-gcc/9.3.1-1.2.1/.content/bin/../lib/gcc/arm-none-eabi/9.3.1/thumb/v6-m/nofp/crtbegin.o
 .ARM.attributes
                0x000000000000004a       0x1b c:/users/wiktor/appdata/roaming/xpacks/@xpack-dev-tools/arm-none-eabi-gcc/9.3.1-1.2.1/.content/bin/../lib/gcc/arm-none-eabi/9.3.1/../../../../arm-none-eabi/lib/thumb/v6-m/nofp/crt0.o
 .ARM.attributes
                0x0000000000000065       0x2c ./src/freertos/portable/MemMang/heap_1.o
 .ARM.attributes
                0x0000000000000091       0x2c ./src/freertos/list.o
 .ARM.attributes
                0x00000000000000bd       0x2c ./src/freertos/port.o
 .ARM.attributes
                0x00000000000000e9       0x2c ./src/freertos/port_cmsis.o
 .ARM.attributes
                0x0000000000000115       0x2c ./src/freertos/port_cmsis_systick.o
 .ARM.attributes
                0x0000000000000141       0x2c ./src/freertos/queue.o
 .ARM.attributes
                0x000000000000016d       0x2c ./src/freertos/tasks.o
 .ARM.attributes
                0x0000000000000199       0x2c ./src/freertos/timers.o
 .ARM.attributes
                0x00000000000001c5       0x2c ./src/app_error.o
 .ARM.attributes
                0x00000000000001f1       0x2c ./src/app_fifo.o
 .ARM.attributes
                0x000000000000021d       0x2c ./src/app_uart_fifo.o
 .ARM.attributes
                0x0000000000000249       0x2c ./src/console.o
 .ARM.attributes
                0x0000000000000275       0x1b ./src/gcc_startup_nrf51.o
 .ARM.attributes
                0x0000000000000290       0x2c ./src/main.o
 .ARM.attributes
                0x00000000000002bc       0x2c ./src/nrf_drv_clock.o
 .ARM.attributes
                0x00000000000002e8       0x2c ./src/nrf_drv_common.o
 .ARM.attributes
                0x0000000000000314       0x2c ./src/nrf_drv_gpiote.o
 .ARM.attributes
                0x0000000000000340       0x2c ./src/system_nrf51.o
 .ARM.attributes
                0x000000000000036c       0x2c c:/users/wiktor/appdata/roaming/xpacks/@xpack-dev-tools/arm-none-eabi-gcc/9.3.1-1.2.1/.content/bin/../lib/gcc/arm-none-eabi/9.3.1/../../../../arm-none-eabi/lib/thumb/v6-m/nofp\libg.a(lib_a-exit.o)
 .ARM.attributes
                0x0000000000000398       0x2c c:/users/wiktor/appdata/roaming/xpacks/@xpack-dev-tools/arm-none-eabi-gcc/9.3.1-1.2.1/.content/bin/../lib/gcc/arm-none-eabi/9.3.1/../../../../arm-none-eabi/lib/thumb/v6-m/nofp\libg.a(lib_a-impure.o)
 .ARM.attributes
                0x00000000000003c4       0x2c c:/users/wiktor/appdata/roaming/xpacks/@xpack-dev-tools/arm-none-eabi-gcc/9.3.1-1.2.1/.content/bin/../lib/gcc/arm-none-eabi/9.3.1/../../../../arm-none-eabi/lib/thumb/v6-m/nofp\libg.a(lib_a-init.o)
 .ARM.attributes
                0x00000000000003f0       0x2c c:/users/wiktor/appdata/roaming/xpacks/@xpack-dev-tools/arm-none-eabi-gcc/9.3.1-1.2.1/.content/bin/../lib/gcc/arm-none-eabi/9.3.1/../../../../arm-none-eabi/lib/thumb/v6-m/nofp\libg.a(lib_a-memcpy-stub.o)
 .ARM.attributes
                0x000000000000041c       0x2c c:/users/wiktor/appdata/roaming/xpacks/@xpack-dev-tools/arm-none-eabi-gcc/9.3.1-1.2.1/.content/bin/../lib/gcc/arm-none-eabi/9.3.1/../../../../arm-none-eabi/lib/thumb/v6-m/nofp\libg.a(lib_a-memset.o)
 .ARM.attributes
                0x0000000000000448       0x2c c:/users/wiktor/appdata/roaming/xpacks/@xpack-dev-tools/arm-none-eabi-gcc/9.3.1-1.2.1/.content/bin/../lib/gcc/arm-none-eabi/9.3.1/../../../../arm-none-eabi/lib/thumb/v6-m/nofp\libg.a(lib_a-__call_atexit.o)
 .ARM.attributes
                0x0000000000000474       0x2c c:/users/wiktor/appdata/roaming/xpacks/@xpack-dev-tools/arm-none-eabi-gcc/9.3.1-1.2.1/.content/bin/../lib/gcc/arm-none-eabi/9.3.1/../../../../arm-none-eabi/lib/thumb/v6-m/nofp\libg.a(lib_a-fini.o)
 .ARM.attributes
                0x00000000000004a0       0x2c c:/users/wiktor/appdata/roaming/xpacks/@xpack-dev-tools/arm-none-eabi-gcc/9.3.1-1.2.1/.content/bin/../lib/gcc/arm-none-eabi/9.3.1/../../../../arm-none-eabi/lib/thumb/v6-m/nofp\libg.a(lib_a-lock.o)
 .ARM.attributes
                0x00000000000004cc       0x2c c:/users/wiktor/appdata/roaming/xpacks/@xpack-dev-tools/arm-none-eabi-gcc/9.3.1-1.2.1/.content/bin/../lib/gcc/arm-none-eabi/9.3.1/../../../../arm-none-eabi/lib/thumb/v6-m/nofp\libg.a(lib_a-atexit.o)
 .ARM.attributes
                0x00000000000004f8       0x2c c:/users/wiktor/appdata/roaming/xpacks/@xpack-dev-tools/arm-none-eabi-gcc/9.3.1-1.2.1/.content/bin/../lib/gcc/arm-none-eabi/9.3.1/../../../../arm-none-eabi/lib/thumb/v6-m/nofp\libg.a(lib_a-__atexit.o)
 .ARM.attributes
                0x0000000000000524       0x2c c:/users/wiktor/appdata/roaming/xpacks/@xpack-dev-tools/arm-none-eabi-gcc/9.3.1-1.2.1/.content/bin/../lib/gcc/arm-none-eabi/9.3.1/thumb/v6-m/nofp/crtend.o
 .ARM.attributes
                0x0000000000000550       0x1e c:/users/wiktor/appdata/roaming/xpacks/@xpack-dev-tools/arm-none-eabi-gcc/9.3.1-1.2.1/.content/bin/../lib/gcc/arm-none-eabi/9.3.1/thumb/v6-m/nofp/crtn.o
 .ARM.attributes
                0x000000000000056e       0x2c c:/users/wiktor/appdata/roaming/xpacks/@xpack-dev-tools/arm-none-eabi-gcc/9.3.1-1.2.1/.content/bin/../lib/gcc/arm-none-eabi/9.3.1/../../../../arm-none-eabi/lib/thumb/v6-m/nofp\libnosys.a(_exit.o)

.comment        0x0000000000000000       0x43
 .comment       0x0000000000000000       0x43 ./src/freertos/portable/MemMang/heap_1.o
                                         0x44 (size before relaxing)
 .comment       0x0000000000000043       0x44 ./src/freertos/list.o
 .comment       0x0000000000000043       0x44 ./src/freertos/port.o
 .comment       0x0000000000000043       0x44 ./src/freertos/port_cmsis.o
 .comment       0x0000000000000043       0x44 ./src/freertos/port_cmsis_systick.o
 .comment       0x0000000000000043       0x44 ./src/freertos/queue.o
 .comment       0x0000000000000043       0x44 ./src/freertos/tasks.o
 .comment       0x0000000000000043       0x44 ./src/freertos/timers.o
 .comment       0x0000000000000043       0x44 ./src/app_error.o
 .comment       0x0000000000000043       0x44 ./src/app_fifo.o
 .comment       0x0000000000000043       0x44 ./src/app_uart_fifo.o
 .comment       0x0000000000000043       0x44 ./src/console.o
 .comment       0x0000000000000043       0x44 ./src/main.o
 .comment       0x0000000000000043       0x44 ./src/nrf_drv_clock.o
 .comment       0x0000000000000043       0x44 ./src/nrf_drv_common.o
 .comment       0x0000000000000043       0x44 ./src/nrf_drv_gpiote.o
 .comment       0x0000000000000043       0x44 ./src/system_nrf51.o

.debug_info     0x0000000000000000     0xcb8d
 .debug_info    0x0000000000000000      0xa43 ./src/freertos/portable/MemMang/heap_1.o
 .debug_info    0x0000000000000a43      0xb7e ./src/freertos/list.o
 .debug_info    0x00000000000015c1       0xdf ./src/freertos/port.o
 .debug_info    0x00000000000016a0      0x72a ./src/freertos/port_cmsis.o
 .debug_info    0x0000000000001dca      0x897 ./src/freertos/port_cmsis_systick.o
 .debug_info    0x0000000000002661     0x161d ./src/freertos/queue.o
 .debug_info    0x0000000000003c7e     0x1eec ./src/freertos/tasks.o
 .debug_info    0x0000000000005b6a     0x1328 ./src/freertos/timers.o
 .debug_info    0x0000000000006e92      0x1f4 ./src/app_error.o
 .debug_info    0x0000000000007086      0xae1 ./src/app_fifo.o
 .debug_info    0x0000000000007b67     0x1925 ./src/app_uart_fifo.o
 .debug_info    0x000000000000948c      0x880 ./src/console.o
 .debug_info    0x0000000000009d0c       0x26 ./src/gcc_startup_nrf51.o
 .debug_info    0x0000000000009d32      0xb9a ./src/main.o
 .debug_info    0x000000000000a8cc      0x826 ./src/nrf_drv_clock.o
 .debug_info    0x000000000000b0f2      0x3e9 ./src/nrf_drv_common.o
 .debug_info    0x000000000000b4db     0x14ed ./src/nrf_drv_gpiote.o
 .debug_info    0x000000000000c9c8      0x1c5 ./src/system_nrf51.o

.debug_abbrev   0x0000000000000000     0x298f
 .debug_abbrev  0x0000000000000000      0x262 ./src/freertos/portable/MemMang/heap_1.o
 .debug_abbrev  0x0000000000000262      0x22e ./src/freertos/list.o
 .debug_abbrev  0x0000000000000490       0x69 ./src/freertos/port.o
 .debug_abbrev  0x00000000000004f9      0x35d ./src/freertos/port_cmsis.o
 .debug_abbrev  0x0000000000000856      0x279 ./src/freertos/port_cmsis_systick.o
 .debug_abbrev  0x0000000000000acf      0x37d ./src/freertos/queue.o
 .debug_abbrev  0x0000000000000e4c      0x434 ./src/freertos/tasks.o
 .debug_abbrev  0x0000000000001280      0x2ee ./src/freertos/timers.o
 .debug_abbrev  0x000000000000156e      0x121 ./src/app_error.o
 .debug_abbrev  0x000000000000168f      0x237 ./src/app_fifo.o
 .debug_abbrev  0x00000000000018c6      0x402 ./src/app_uart_fifo.o
 .debug_abbrev  0x0000000000001cc8      0x22e ./src/console.o
 .debug_abbrev  0x0000000000001ef6       0x14 ./src/gcc_startup_nrf51.o
 .debug_abbrev  0x0000000000001f0a      0x27a ./src/main.o
 .debug_abbrev  0x0000000000002184      0x24d ./src/nrf_drv_clock.o
 .debug_abbrev  0x00000000000023d1      0x175 ./src/nrf_drv_common.o
 .debug_abbrev  0x0000000000002546      0x33a ./src/nrf_drv_gpiote.o
 .debug_abbrev  0x0000000000002880      0x10f ./src/system_nrf51.o

.debug_aranges  0x0000000000000000      0xaf8
 .debug_aranges
                0x0000000000000000       0x38 ./src/freertos/portable/MemMang/heap_1.o
 .debug_aranges
                0x0000000000000038       0x40 ./src/freertos/list.o
 .debug_aranges
                0x0000000000000078       0x30 ./src/freertos/port.o
 .debug_aranges
                0x00000000000000a8       0x80 ./src/freertos/port_cmsis.o
 .debug_aranges
                0x0000000000000128       0x68 ./src/freertos/port_cmsis_systick.o
 .debug_aranges
                0x0000000000000190       0xf8 ./src/freertos/queue.o
 .debug_aranges
                0x0000000000000288      0x1d0 ./src/freertos/tasks.o
 .debug_aranges
                0x0000000000000458       0xb0 ./src/freertos/timers.o
 .debug_aranges
                0x0000000000000508       0x28 ./src/app_error.o
 .debug_aranges
                0x0000000000000530       0x40 ./src/app_fifo.o
 .debug_aranges
                0x0000000000000570       0xf0 ./src/app_uart_fifo.o
 .debug_aranges
                0x0000000000000660       0xe0 ./src/console.o
 .debug_aranges
                0x0000000000000740       0x20 ./src/gcc_startup_nrf51.o
 .debug_aranges
                0x0000000000000760       0x30 ./src/main.o
 .debug_aranges
                0x0000000000000790       0xe8 ./src/nrf_drv_clock.o
 .debug_aranges
                0x0000000000000878       0x38 ./src/nrf_drv_common.o
 .debug_aranges
                0x00000000000008b0      0x210 ./src/nrf_drv_gpiote.o
 .debug_aranges
                0x0000000000000ac0       0x38 ./src/system_nrf51.o

.debug_ranges   0x0000000000000000      0x9c8
 .debug_ranges  0x0000000000000000       0x28 ./src/freertos/portable/MemMang/heap_1.o
 .debug_ranges  0x0000000000000028       0x30 ./src/freertos/list.o
 .debug_ranges  0x0000000000000058       0x20 ./src/freertos/port.o
 .debug_ranges  0x0000000000000078       0x70 ./src/freertos/port_cmsis.o
 .debug_ranges  0x00000000000000e8       0x58 ./src/freertos/port_cmsis_systick.o
 .debug_ranges  0x0000000000000140       0xe8 ./src/freertos/queue.o
 .debug_ranges  0x0000000000000228      0x1c0 ./src/freertos/tasks.o
 .debug_ranges  0x00000000000003e8       0xa0 ./src/freertos/timers.o
 .debug_ranges  0x0000000000000488       0x18 ./src/app_error.o
 .debug_ranges  0x00000000000004a0       0x30 ./src/app_fifo.o
 .debug_ranges  0x00000000000004d0       0xe0 ./src/app_uart_fifo.o
 .debug_ranges  0x00000000000005b0       0xd0 ./src/console.o
 .debug_ranges  0x0000000000000680       0x20 ./src/main.o
 .debug_ranges  0x00000000000006a0       0xd8 ./src/nrf_drv_clock.o
 .debug_ranges  0x0000000000000778       0x28 ./src/nrf_drv_common.o
 .debug_ranges  0x00000000000007a0      0x200 ./src/nrf_drv_gpiote.o
 .debug_ranges  0x00000000000009a0       0x28 ./src/system_nrf51.o

.debug_macro    0x0000000000000000     0xcf83
 .debug_macro   0x0000000000000000      0x246 ./src/freertos/portable/MemMang/heap_1.o
 .debug_macro   0x0000000000000246      0xa6c ./src/freertos/portable/MemMang/heap_1.o
 .debug_macro   0x0000000000000cb2       0x18 ./src/freertos/portable/MemMang/heap_1.o
 .debug_macro   0x0000000000000cca       0x22 ./src/freertos/portable/MemMang/heap_1.o
 .debug_macro   0x0000000000000cec       0x64 ./src/freertos/portable/MemMang/heap_1.o
 .debug_macro   0x0000000000000d50       0x94 ./src/freertos/portable/MemMang/heap_1.o
 .debug_macro   0x0000000000000de4       0x35 ./src/freertos/portable/MemMang/heap_1.o
 .debug_macro   0x0000000000000e19       0x34 ./src/freertos/portable/MemMang/heap_1.o
 .debug_macro   0x0000000000000e4d       0x16 ./src/freertos/portable/MemMang/heap_1.o
 .debug_macro   0x0000000000000e63      0x10e ./src/freertos/portable/MemMang/heap_1.o
 .debug_macro   0x0000000000000f71       0x8d ./src/freertos/portable/MemMang/heap_1.o
 .debug_macro   0x0000000000000ffe       0x16 ./src/freertos/portable/MemMang/heap_1.o
 .debug_macro   0x0000000000001014       0x43 ./src/freertos/portable/MemMang/heap_1.o
 .debug_macro   0x0000000000001057       0x57 ./src/freertos/portable/MemMang/heap_1.o
 .debug_macro   0x00000000000010ae       0x34 ./src/freertos/portable/MemMang/heap_1.o
 .debug_macro   0x00000000000010e2       0x10 ./src/freertos/portable/MemMang/heap_1.o
 .debug_macro   0x00000000000010f2       0x58 ./src/freertos/portable/MemMang/heap_1.o
 .debug_macro   0x000000000000114a      0x182 ./src/freertos/portable/MemMang/heap_1.o
 .debug_macro   0x00000000000012cc      0x339 ./src/freertos/portable/MemMang/heap_1.o
 .debug_macro   0x0000000000001605       0x16 ./src/freertos/portable/MemMang/heap_1.o
 .debug_macro   0x000000000000161b       0x29 ./src/freertos/portable/MemMang/heap_1.o
 .debug_macro   0x0000000000001644      0x103 ./src/freertos/portable/MemMang/heap_1.o
 .debug_macro   0x0000000000001747       0x6a ./src/freertos/portable/MemMang/heap_1.o
 .debug_macro   0x00000000000017b1      0x1df ./src/freertos/portable/MemMang/heap_1.o
 .debug_macro   0x0000000000001990      0x1a4 ./src/freertos/portable/MemMang/heap_1.o
 .debug_macro   0x0000000000001b34       0x22 ./src/freertos/portable/MemMang/heap_1.o
 .debug_macro   0x0000000000001b56       0x3a ./src/freertos/portable/MemMang/heap_1.o
 .debug_macro   0x0000000000001b90       0x1f ./src/freertos/portable/MemMang/heap_1.o
 .debug_macro   0x0000000000001baf      0x242 ./src/freertos/portable/MemMang/heap_1.o
 .debug_macro   0x0000000000001df1      0x1e0 ./src/freertos/portable/MemMang/heap_1.o
 .debug_macro   0x0000000000001fd1     0x776a ./src/freertos/portable/MemMang/heap_1.o
 .debug_macro   0x000000000000973b      0x976 ./src/freertos/portable/MemMang/heap_1.o
 .debug_macro   0x000000000000a0b1       0x1c ./src/freertos/portable/MemMang/heap_1.o
 .debug_macro   0x000000000000a0cd       0x5e ./src/freertos/portable/MemMang/heap_1.o
 .debug_macro   0x000000000000a12b       0x22 ./src/freertos/portable/MemMang/heap_1.o
 .debug_macro   0x000000000000a14d       0x22 ./src/freertos/portable/MemMang/heap_1.o
 .debug_macro   0x000000000000a16f       0xf4 ./src/freertos/portable/MemMang/heap_1.o
 .debug_macro   0x000000000000a263       0xc3 ./src/freertos/portable/MemMang/heap_1.o
 .debug_macro   0x000000000000a326       0x10 ./src/freertos/portable/MemMang/heap_1.o
 .debug_macro   0x000000000000a336       0x1f ./src/freertos/portable/MemMang/heap_1.o
 .debug_macro   0x000000000000a355      0x322 ./src/freertos/portable/MemMang/heap_1.o
 .debug_macro   0x000000000000a677       0xc0 ./src/freertos/portable/MemMang/heap_1.o
 .debug_macro   0x000000000000a737       0x8c ./src/freertos/portable/MemMang/heap_1.o
 .debug_macro   0x000000000000a7c3      0x225 ./src/freertos/list.o
 .debug_macro   0x000000000000a9e8      0x17d ./src/freertos/port.o
 .debug_macro   0x000000000000ab65      0x1ab ./src/freertos/port_cmsis.o
 .debug_macro   0x000000000000ad10      0x1e6 ./src/freertos/port_cmsis_systick.o
 .debug_macro   0x000000000000aef6       0x22 ./src/freertos/port_cmsis_systick.o
 .debug_macro   0x000000000000af18       0x8e ./src/freertos/port_cmsis_systick.o
 .debug_macro   0x000000000000afa6       0x70 ./src/freertos/port_cmsis_systick.o
 .debug_macro   0x000000000000b016       0x10 ./src/freertos/port_cmsis_systick.o
 .debug_macro   0x000000000000b026       0x83 ./src/freertos/port_cmsis_systick.o
 .debug_macro   0x000000000000b0a9      0x2ab ./src/freertos/queue.o
 .debug_macro   0x000000000000b354       0x16 ./src/freertos/queue.o
 .debug_macro   0x000000000000b36a       0x35 ./src/freertos/queue.o
 .debug_macro   0x000000000000b39f       0xb0 ./src/freertos/queue.o
 .debug_macro   0x000000000000b44f      0x2ee ./src/freertos/tasks.o
 .debug_macro   0x000000000000b73d       0x16 ./src/freertos/tasks.o
 .debug_macro   0x000000000000b753      0x262 ./src/freertos/timers.o
 .debug_macro   0x000000000000b9b5       0xf0 ./src/app_error.o
 .debug_macro   0x000000000000baa5       0x16 ./src/app_error.o
 .debug_macro   0x000000000000babb      0x15f ./src/app_fifo.o
 .debug_macro   0x000000000000bc1a       0x6a ./src/app_fifo.o
 .debug_macro   0x000000000000bc84       0x28 ./src/app_fifo.o
 .debug_macro   0x000000000000bcac      0x238 ./src/app_uart_fifo.o
 .debug_macro   0x000000000000bee4       0x22 ./src/app_uart_fifo.o
 .debug_macro   0x000000000000bf06       0x18 ./src/app_uart_fifo.o
 .debug_macro   0x000000000000bf1e       0x10 ./src/app_uart_fifo.o
 .debug_macro   0x000000000000bf2e       0x2e ./src/app_uart_fifo.o
 .debug_macro   0x000000000000bf5c       0x1c ./src/app_uart_fifo.o
 .debug_macro   0x000000000000bf78       0x28 ./src/app_uart_fifo.o
 .debug_macro   0x000000000000bfa0      0x142 ./src/console.o
 .debug_macro   0x000000000000c0e2       0x3a ./src/console.o
 .debug_macro   0x000000000000c11c      0x368 ./src/main.o
 .debug_macro   0x000000000000c484       0x16 ./src/main.o
 .debug_macro   0x000000000000c49a       0x97 ./src/main.o
 .debug_macro   0x000000000000c531       0xfd ./src/main.o
 .debug_macro   0x000000000000c62e       0x10 ./src/main.o
 .debug_macro   0x000000000000c63e       0x10 ./src/main.o
 .debug_macro   0x000000000000c64e       0x1c ./src/main.o
 .debug_macro   0x000000000000c66a       0x52 ./src/main.o
 .debug_macro   0x000000000000c6bc       0x22 ./src/main.o
 .debug_macro   0x000000000000c6de       0x10 ./src/main.o
 .debug_macro   0x000000000000c6ee       0x40 ./src/main.o
 .debug_macro   0x000000000000c72e       0xd5 ./src/main.o
 .debug_macro   0x000000000000c803       0x1c ./src/main.o
 .debug_macro   0x000000000000c81f       0x3d ./src/main.o
 .debug_macro   0x000000000000c85c       0x16 ./src/main.o
 .debug_macro   0x000000000000c872      0x16f ./src/main.o
 .debug_macro   0x000000000000c9e1       0x40 ./src/main.o
 .debug_macro   0x000000000000ca21       0x10 ./src/main.o
 .debug_macro   0x000000000000ca31       0x76 ./src/main.o
 .debug_macro   0x000000000000caa7      0x185 ./src/nrf_drv_clock.o
 .debug_macro   0x000000000000cc2c       0x28 ./src/nrf_drv_clock.o
 .debug_macro   0x000000000000cc54       0xe9 ./src/nrf_drv_common.o
 .debug_macro   0x000000000000cd3d      0x175 ./src/nrf_drv_gpiote.o
 .debug_macro   0x000000000000ceb2       0xd1 ./src/system_nrf51.o

.debug_line     0x0000000000000000     0x9c18
 .debug_line    0x0000000000000000      0x64e ./src/freertos/portable/MemMang/heap_1.o
 .debug_line    0x000000000000064e      0x6a5 ./src/freertos/list.o
 .debug_line    0x0000000000000cf3      0x554 ./src/freertos/port.o
 .debug_line    0x0000000000001247      0x77d ./src/freertos/port_cmsis.o
 .debug_line    0x00000000000019c4      0x831 ./src/freertos/port_cmsis_systick.o